overlay graph -> /app/data/results/SPY_R1_opt/graph_vs_linear.png
{
  "symbol": "SPY",
  "target": "R1",
  "mode": "weekly-call-rough",
  "bars": 8448,
  "from": "1993-01-29",
  "to": "2026-08-21",
  "rule": "same breakout signals; LONG CALL delta 0.5, premium 1% of price, 5 trading days to expiry; NO stop (premium = whole risk); exit at target touch (collect delta*1R, gaps collect delta*gap) or settle delta*max(0,move) at expiry",
  "min_R_filter_pct_of_price": 0.3,
  "trades": 1364,
  "skipped_signals": 576,
  "win_rate_pct_all_trades": 3.15,
  "significant_trades": 1261,
  "non_significant_trades": 103,
  "significance_threshold_R": 0.2,
  "win_rate_pct_significant": 0.95,
  "profit_factor": 0.004,
  "profit_factor_significant": 0.002,
  "avg_r": -1.101,
  "sum_r": -1501.79,
  "avg_premium_R": 1.453,
  "positive_accidents_beyond_target": 162,
  "expiry_settlements": 518,
  "target_exits": 846,
  "expired_worthless": 416,
  "still_open": 0,
  "median_hold_days": 4,
  "final_fixed_pct": -956.61,
  "final_compounded_pct": -99.99,
  "maxdd_fixed_pct_of_T0": -956.61,
  "maxdd_compounded_pct_points_SABM": -99.99,
  "maxdd_compounded_pct_relative": -99.99,
  "buy_hold_pct": 1642.75,
  "note": "ROUGH option model (user-acknowledged): static delta understates ITM wins, theta path ignored, IV constant; premium 1%/wk is realistic-ish for ATM SPY (0.4*sigma*sqrt(T)); weeklies sit in the FASTEST-theta zone (Korovin rolls a week before expiry to dodge it). 1% of equity spent on premium per trade; r values are NET of premium in R units.",
  "premium_sweep": {
    "0.5%": {
      "sum_net_R": -510.5,
      "final_compounded_pct": -99.6
    },
    "0.75%": {
      "sum_net_R": -1006.2,
      "final_compounded_pct": -100.0
    },
    "1%": {
      "sum_net_R": -1501.8,
      "final_compounded_pct": -100.0
    },
    "1.25%": {
      "sum_net_R": -1997.4,
      "final_compounded_pct": -100.0
    },
    "1.5%": {
      "sum_net_R": -2493.0,
      "final_compounded_pct": -100.0
    }
  }
}
videos: 100/1364
videos: 200/1364
videos: 300/1364
videos: 400/1364
videos: 500/1364
videos: 600/1364
videos: 700/1364
videos: 800/1364
videos: 900/1364
videos: 1000/1364
videos: 1100/1364
videos: 1200/1364
videos: 1300/1364
videos done: 1364
overlay graph -> /app/data/results/SPY_R2_opt/graph_vs_linear.png
{
  "symbol": "SPY",
  "target": "R2",
  "mode": "weekly-call-rough",
  "bars": 8448,
  "from": "1993-01-29",
  "to": "2026-08-21",
  "rule": "same breakout signals; LONG CALL delta 0.5, premium 1% of price, 5 trading days to expiry; NO stop (premium = whole risk); exit at target touch (collect delta*2R, gaps collect delta*gap) or settle delta*max(0,move) at expiry",
  "min_R_filter_pct_of_price": 0.3,
  "trades": 1128,
  "skipped_signals": 457,
  "win_rate_pct_all_trades": 8.24,
  "significant_trades": 1019,
  "non_significant_trades": 109,
  "significance_threshold_R": 0.2,
  "win_rate_pct_significant": 4.61,
  "profit_factor": 0.02,
  "profit_factor_significant": 0.016,
  "avg_r": -0.9794,
  "sum_r": -1104.75,
  "avg_premium_R": 1.428,
  "positive_accidents_beyond_target": 69,
  "expiry_settlements": 757,
  "target_exits": 371,
  "expired_worthless": 456,
  "still_open": 0,
  "median_hold_days": 5,
  "final_fixed_pct": -714.56,
  "final_compounded_pct": -99.92,
  "maxdd_fixed_pct_of_T0": -714.56,
  "maxdd_compounded_pct_points_SABM": -99.92,
  "maxdd_compounded_pct_relative": -99.92,
  "buy_hold_pct": 1642.75,
  "note": "ROUGH option model (user-acknowledged): static delta understates ITM wins, theta path ignored, IV constant; premium 1%/wk is realistic-ish for ATM SPY (0.4*sigma*sqrt(T)); weeklies sit in the FASTEST-theta zone (Korovin rolls a week before expiry to dodge it). 1% of equity spent on premium per trade; r values are NET of premium in R units.",
  "premium_sweep": {
    "0.5%": {
      "sum_net_R": -299.6,
      "final_compounded_pct": -95.3
    },
    "0.75%": {
      "sum_net_R": -702.2,
      "final_compounded_pct": -99.7
    },
    "1%": {
      "sum_net_R": -1104.7,
      "final_compounded_pct": -99.9
    },
    "1.25%": {
      "sum_net_R": -1507.3,
      "final_compounded_pct": -100.0
    },
    "1.5%": {
      "sum_net_R": -1909.9,
      "final_compounded_pct": -100.0
    }
  }
}
videos: 100/1128
videos: 200/1128
videos: 300/1128
videos: 400/1128
videos: 500/1128
videos: 600/1128
videos: 700/1128
videos: 800/1128
videos: 900/1128
videos: 1000/1128
videos: 1100/1128
videos done: 1128
overlay graph -> /app/data/results/SPY_R3_opt/graph_vs_linear.png
{
  "symbol": "SPY",
  "target": "R3",
  "mode": "weekly-call-rough",
  "bars": 8448,
  "from": "1993-01-29",
  "to": "2026-08-21",
  "rule": "same breakout signals; LONG CALL delta 0.5, premium 1% of price, 5 trading days to expiry; NO stop (premium = whole risk); exit at target touch (collect delta*3R, gaps collect delta*gap) or settle delta*max(0,move) at expiry",
  "min_R_filter_pct_of_price": 0.3,
  "trades": 1041,
  "skipped_signals": 412,
  "win_rate_pct_all_trades": 10.95,
  "significant_trades": 943,
  "non_significant_trades": 98,
  "significance_threshold_R": 0.2,
  "win_rate_pct_significant": 8.17,
  "profit_factor": 0.04,
  "profit_factor_significant": 0.037,
  "avg_r": -0.9445,
  "sum_r": -983.18,
  "avg_premium_R": 1.428,
  "positive_accidents_beyond_target": 40,
  "expiry_settlements": 858,
  "target_exits": 183,
  "expired_worthless": 448,
  "still_open": 0,
  "median_hold_days": 5,
  "final_fixed_pct": -635.95,
  "final_compounded_pct": -99.83,
  "maxdd_fixed_pct_of_T0": -635.95,
  "maxdd_compounded_pct_points_SABM": -99.83,
  "maxdd_compounded_pct_relative": -99.83,
  "buy_hold_pct": 1642.75,
  "note": "ROUGH option model (user-acknowledged): static delta understates ITM wins, theta path ignored, IV constant; premium 1%/wk is realistic-ish for ATM SPY (0.4*sigma*sqrt(T)); weeklies sit in the FASTEST-theta zone (Korovin rolls a week before expiry to dodge it). 1% of equity spent on premium per trade; r values are NET of premium in R units.",
  "premium_sweep": {
    "0.5%": {
      "sum_net_R": -239.8,
      "final_compounded_pct": -90.7
    },
    "0.75%": {
      "sum_net_R": -611.5,
      "final_compounded_pct": -99.4
    },
    "1%": {
      "sum_net_R": -983.2,
      "final_compounded_pct": -99.8
    },
    "1.25%": {
      "sum_net_R": -1354.9,
      "final_compounded_pct": -99.9
    },
    "1.5%": {
      "sum_net_R": -1726.5,
      "final_compounded_pct": -100.0
    }
  }
}
videos: 100/1041
videos: 200/1041
videos: 300/1041
videos: 400/1041
videos: 500/1041
videos: 600/1041
videos: 700/1041
videos: 800/1041
videos: 900/1041
videos: 1000/1041
videos done: 1041
