{
  "symbol": "SPY",
  "bars": 8448,
  "from": "1993-01-29",
  "to": "2026-08-21",
  "rule": "long at EVERY open when flat; resting SL 0.2% below entry open (fixed level); exit at stop or at the first close below the previous day's low",
  "min_R_filter_pct_of_price": 0.3,
  "trades": 4497,
  "skipped_signals": 0,
  "win_rate_pct_all_trades": 10.03,
  "significant_trades": 4492,
  "non_significant_trades": 5,
  "significance_threshold_R": 0.2,
  "win_rate_pct_significant": 10.02,
  "profit_factor": 1.052,
  "profit_factor_significant": 1.052,
  "avg_r": 0.0489,
  "sum_r": 219.88,
  "median_hold_days": 0,
  "max_hold_days": 32,
  "still_open": 0,
  "final_fixed_pct": 43.99,
  "final_compounded_pct": 30.68,
  "maxdd_fixed_pct_of_T0": -120.7,
  "maxdd_compounded_pct_points_SABM": -140.64,
  "maxdd_compounded_pct_relative": -70.98,
  "buy_hold_pct": 1642.75,
  "target": "SL0.2%",
  "mode": "daily-open-e2",
  "open_sl_pct": 0.2,
  "final_fixed_pct_sabm_literal": 219.88,
  "leverage_capped_curve": true,
  "trades_hitting_notional_cap": 4497,
  "best_trade_R": 86.8494,
  "trail_exits": 470,
  "stop_exits": 4027,
  "description": "Daily-open strategy (ported from the random-entry-simulation lab, its E2 'hold after survive' with the Day trail bar): enter long at EVERY market open when flat; a resting stop-loss sits 0.2% below the entry-day open (editable --open-sl-pct), active every day at its fixed level until hit - gap-down opens fill at the open; while it survives, hold and exit at the close of the first day whose close is below the previous day's low. No profit target.",
  "note": "resim living-spec port: resting SL never moves; entry bar skipped by the trail; gross."
}
videos: 100/4497
videos: 200/4497
videos: 300/4497
videos: 400/4497
videos: 500/4497
videos: 600/4497
videos: 700/4497
videos: 800/4497
videos: 900/4497
videos: 1000/4497
videos: 1100/4497
videos: 1200/4497
videos: 1300/4497
videos: 1400/4497
videos: 1500/4497
videos: 1600/4497
videos: 1700/4497
videos: 1800/4497
videos: 1900/4497
videos: 2000/4497
videos: 2100/4497
videos: 2200/4497
videos: 2300/4497
videos: 2400/4497
videos: 2500/4497
videos: 2600/4497
videos: 2700/4497
videos: 2800/4497
videos: 2900/4497
videos: 3000/4497
videos: 3100/4497
videos: 3200/4497
videos: 3300/4497
videos: 3400/4497
videos: 3500/4497
videos: 3600/4497
videos: 3700/4497
videos: 3800/4497
videos: 3900/4497
videos: 4000/4497
videos: 4100/4497
videos: 4200/4497
videos: 4300/4497
videos: 4400/4497
videos done: 4497
{
  "symbol": "SPY",
  "bars": 8448,
  "from": "1993-01-29",
  "to": "2026-08-21",
  "rule": "long at close when close > previous day's high; initial stop = body bottom; EXIT = part-II cocktail proxy (real-deep/Dow trail, tempo-line-gated >=2R lows and >=3R hug); no target",
  "min_R_filter_pct_of_price": 0.3,
  "trades": 835,
  "skipped_signals": 270,
  "win_rate_pct_all_trades": 29.22,
  "significant_trades": 803,
  "non_significant_trades": 32,
  "significance_threshold_R": 0.2,
  "win_rate_pct_significant": 28.39,
  "profit_factor": 1.057,
  "profit_factor_significant": 1.057,
  "avg_r": 0.0426,
  "sum_r": 35.56,
  "median_hold_days": 3,
  "max_hold_days": 58,
  "still_open": 0,
  "final_fixed_pct": 21.52,
  "final_compounded_pct": 12.71,
  "maxdd_fixed_pct_of_T0": -53.52,
  "maxdd_compounded_pct_points_SABM": -45.99,
  "maxdd_compounded_pct_relative": -42.69,
  "buy_hold_pct": 1642.75,
  "target": "disc",
  "mode": "disc-linear",
  "final_fixed_pct_sabm_literal": 35.56,
  "leverage_capped_curve": true,
  "trades_hitting_notional_cap": 521,
  "reached_2R_pct": 31.3,
  "reached_3R_pct": 20.6,
  "best_trade_R": 14.871,
  "avg_win_R": 2.7,
  "description": "Same breakout entry, then SABM Part-II discretionary exit, mechanized ('the cocktail'): NO profit target - the stop trails the trend: under validated swing lows (Dow), under REAL long-wick 'deep' days, after 2R behind fresh lows once the tempo line breaks, and above 3R hugging every low near the trendline (climax mode). Exits when the trailed stop is hit. Audited against the course PDF by the exit-conformance agent.",
  "note": "SABM part-II DISCRETIONARY PROXY (exit-conformance audited): real-deep wicks, Dow validated pivots, entry-anchored ascending tempo line gating the >=2R unvalidated-low rule (on break) and the >=3R hug (proximity); stops buffered under lows; effective next day; no profit target. Gross."
}
videos: 100/835
videos: 200/835
videos: 300/835
videos: 400/835
videos: 500/835
videos: 600/835
videos: 700/835
videos: 800/835
videos done: 835
overlay graph -> /app/data/results/SPY_disc_optbs/graph_vs_linear.png
{
  "symbol": "SPY",
  "bars": 8448,
  "from": "1993-01-29",
  "to": "2026-08-21",
  "rule": "part-II cocktail-proxy trail exits; ATM CALL chain priced by BSM (RV(20)*1.2), re-struck ATM every 5d while the trade lives",
  "min_R_filter_pct_of_price": 0.3,
  "trades": 832,
  "skipped_signals": 270,
  "win_rate_pct_all_trades": 16.95,
  "significant_trades": 789,
  "non_significant_trades": 43,
  "significance_threshold_R": 0.2,
  "win_rate_pct_significant": 15.08,
  "profit_factor": 0.343,
  "profit_factor_significant": 0.34,
  "avg_r": -0.4858,
  "sum_r": -404.15,
  "median_hold_days": 3,
  "max_hold_days": 58,
  "still_open": 0,
  "final_fixed_pct": -328.59,
  "final_compounded_pct": -96.32,
  "maxdd_fixed_pct_of_T0": -329.2,
  "maxdd_compounded_pct_points_SABM": -96.34,
  "maxdd_compounded_pct_relative": -96.34,
  "buy_hold_pct": 1642.75,
  "target": "disc",
  "mode": "disc-option-bsm",
  "pricing": "BSM sigma=RV(20)*1.2 (floor 0.1), r=0.04, haircut 3%/side, ATM re-strike each roll",
  "avg_premium_R": 2.085,
  "avg_weeks_rolled": 1.64,
  "skipped_no_rv_history": 3,
  "reached_2R_pct": 31.1,
  "reached_3R_pct": 20.4,
  "best_trade_R": 8.7322,
  "description": "MODEL-priced option chain riding the Part-II discretionary trail: ATM call priced by Black-Scholes from the quote history, re-struck ATM at every weekly expiry while the trade lives (intrinsic collected each roll), model value at the trail exit; premiums = the whole risk.",
  "note": "MODEL-priced option chain on the part-II trail: BSM premiums from our quote history (RV*markup), intrinsic at each weekly roll (ATM re-strike), model value at trail exit. 1% equity premium budget per trade-chain.",
  "iv_markup_sweep": {
    "x1": {
      "sum_net_R": -265.29,
      "final_compounded_pct": -95.47
    },
    "x1.15": {
      "sum_net_R": -368.27,
      "final_compounded_pct": -96.14
    },
    "x1.2": {
      "sum_net_R": -404.15,
      "final_compounded_pct": -96.32
    },
    "x1.25": {
      "sum_net_R": -440.66,
      "final_compounded_pct": -96.47
    },
    "x1.5": {
      "sum_net_R": -628.59,
      "final_compounded_pct": -97.02
    }
  }
}
videos: 100/832
videos: 200/832
videos: 300/832
videos: 400/832
videos: 500/832
videos: 600/832
videos: 700/832
videos: 800/832
videos done: 832
overlay graph -> /app/data/results/SPY_disc_optbs21d/graph_vs_linear.png
{
  "symbol": "SPY",
  "bars": 8448,
  "from": "1993-01-29",
  "to": "2026-08-21",
  "rule": "part-II cocktail-proxy trail exits; ATM CALL chain priced by BSM (RV(20)*1.2), re-struck ATM every 21d while the trade lives",
  "min_R_filter_pct_of_price": 0.3,
  "trades": 832,
  "skipped_signals": 270,
  "win_rate_pct_all_trades": 19.95,
  "significant_trades": 790,
  "non_significant_trades": 42,
  "significance_threshold_R": 0.2,
  "win_rate_pct_significant": 18.48,
  "profit_factor": 0.441,
  "profit_factor_significant": 0.439,
  "avg_r": -0.3737,
  "sum_r": -310.91,
  "median_hold_days": 3,
  "max_hold_days": 58,
  "still_open": 0,
  "final_fixed_pct": -115.1,
  "final_compounded_pct": -68.63,
  "maxdd_fixed_pct_of_T0": -117.6,
  "maxdd_compounded_pct_points_SABM": -69.4,
  "maxdd_compounded_pct_relative": -69.4,
  "buy_hold_pct": 1642.75,
  "target": "disc",
  "mode": "disc-option-bsm",
  "pricing": "BSM sigma=RV(20)*1.2 (floor 0.1), r=0.04, haircut 3%/side, ATM re-strike each roll",
  "avg_premium_R": 3.071,
  "avg_weeks_rolled": 1.02,
  "skipped_no_rv_history": 3,
  "reached_2R_pct": 31.1,
  "reached_3R_pct": 20.4,
  "best_trade_R": 10.6456,
  "description": "MODEL-priced option chain riding the Part-II discretionary trail: ATM call priced by Black-Scholes from the quote history, re-struck ATM at every monthly expiry while the trade lives (intrinsic collected each roll), model value at the trail exit; premiums = the whole risk.",
  "note": "MODEL-priced option chain on the part-II trail: BSM premiums from our quote history (RV*markup), intrinsic at each weekly roll (ATM re-strike), model value at trail exit. 1% equity premium budget per trade-chain.",
  "iv_markup_sweep": {
    "x1": {
      "sum_net_R": -234.38,
      "final_compounded_pct": -63.58
    },
    "x1.15": {
      "sum_net_R": -291.39,
      "final_compounded_pct": -67.59
    },
    "x1.2": {
      "sum_net_R": -310.91,
      "final_compounded_pct": -68.63
    },
    "x1.25": {
      "sum_net_R": -330.47,
      "final_compounded_pct": -69.52
    },
    "x1.5": {
      "sum_net_R": -429.4,
      "final_compounded_pct": -72.84
    }
  }
}
videos: 100/832
videos: 200/832
videos: 300/832
videos: 400/832
videos: 500/832
videos: 600/832
videos: 700/832
videos: 800/832
videos done: 832
overlay graph -> /app/data/results/SPY_disc_optbs63d/graph_vs_linear.png
{
  "symbol": "SPY",
  "bars": 8448,
  "from": "1993-01-29",
  "to": "2026-08-21",
  "rule": "part-II cocktail-proxy trail exits; ATM CALL chain priced by BSM (RV(20)*1.2), re-struck ATM every 63d while the trade lives",
  "min_R_filter_pct_of_price": 0.3,
  "trades": 832,
  "skipped_signals": 270,
  "win_rate_pct_all_trades": 21.03,
  "significant_trades": 794,
  "non_significant_trades": 38,
  "significance_threshold_R": 0.2,
  "win_rate_pct_significant": 19.4,
  "profit_factor": 0.394,
  "profit_factor_significant": 0.392,
  "avg_r": -0.4511,
  "sum_r": -375.29,
  "median_hold_days": 3,
  "max_hold_days": 58,
  "still_open": 0,
  "final_fixed_pct": -70.68,
  "final_compounded_pct": -50.81,
  "maxdd_fixed_pct_of_T0": -71.86,
  "maxdd_compounded_pct_points_SABM": -51.38,
  "maxdd_compounded_pct_relative": -51.38,
  "buy_hold_pct": 1642.75,
  "target": "disc",
  "mode": "disc-option-bsm",
  "pricing": "BSM sigma=RV(20)*1.2 (floor 0.1), r=0.04, haircut 3%/side, ATM re-strike each roll",
  "avg_premium_R": 5.564,
  "avg_weeks_rolled": 1.0,
  "skipped_no_rv_history": 3,
  "reached_2R_pct": 31.1,
  "reached_3R_pct": 20.4,
  "best_trade_R": 9.4036,
  "description": "MODEL-priced option chain riding the Part-II discretionary trail: ATM call priced by Black-Scholes from the quote history, re-struck ATM at every quarterly expiry while the trade lives (intrinsic collected each roll), model value at the trail exit; premiums = the whole risk.",
  "note": "MODEL-priced option chain on the part-II trail: BSM premiums from our quote history (RV*markup), intrinsic at each weekly roll (ATM re-strike), model value at trail exit. 1% equity premium budget per trade-chain.",
  "iv_markup_sweep": {
    "x1": {
      "sum_net_R": -311.14,
      "final_compounded_pct": -48.4
    },
    "x1.15": {
      "sum_net_R": -358.97,
      "final_compounded_pct": -50.32
    },
    "x1.2": {
      "sum_net_R": -375.29,
      "final_compounded_pct": -50.81
    },
    "x1.25": {
      "sum_net_R": -391.65,
      "final_compounded_pct": -51.21
    },
    "x1.5": {
      "sum_net_R": -474.5,
      "final_compounded_pct": -52.8
    }
  }
}
videos: 100/832
videos: 200/832
videos: 300/832
videos: 400/832
videos: 500/832
videos: 600/832
videos: 700/832
videos: 800/832
videos done: 832
overlay graph -> /app/data/results/SPY_R1_optbs/graph_vs_linear.png
{
  "symbol": "SPY",
  "bars": 8448,
  "from": "1993-01-29",
  "to": "2026-08-21",
  "rule": "same breakout signals; LONG weekly ATM CALL priced by BSM (RV(20)*1.2), 5d expiry; target-touch sells at model value, expiry settles intrinsic; premium = whole risk",
  "min_R_filter_pct_of_price": 0.3,
  "trades": 1360,
  "skipped_signals": 580,
  "win_rate_pct_all_trades": 48.24,
  "significant_trades": 1060,
  "non_significant_trades": 300,
  "significance_threshold_R": 0.2,
  "win_rate_pct_significant": 42.17,
  "profit_factor": 0.285,
  "profit_factor_significant": 0.256,
  "avg_r": -0.37,
  "sum_r": -503.23,
  "median_hold_days": 4,
  "max_hold_days": 5,
  "still_open": 0,
  "final_fixed_pct": -325.87,
  "final_compounded_pct": -96.26,
  "maxdd_fixed_pct_of_T0": -326.35,
  "maxdd_compounded_pct_points_SABM": -96.74,
  "maxdd_compounded_pct_relative": -96.28,
  "buy_hold_pct": 1642.75,
  "target": "R1",
  "mode": "weekly-call-bsm",
  "pricing": "BSM sigma=RV(20)*1.2 (floor 0.1), r=0.04, haircut 3%/side, T=cal/365",
  "avg_premium_pct_of_S": 1.184,
  "avg_premium_R": 1.52,
  "skipped_no_rv_history": 4,
  "target_exits": 844,
  "expiry_settlements": 516,
  "expired_worthless": 414,
  "best_trade_R": 1.573,
  "description": "MODEL-priced option on the breakout signals: a weekly ATM call priced by Black-Scholes from our own quote history (sigma = 20-day realized vol x 1.2 markup, 3%/side costs); sells at model value on the R1 target touch, settles intrinsic at expiry; premium = the whole risk.",
  "note": "MODEL-priced option (user request): premium & early-sale value from Black-Scholes with sigma = realized vol of our own quote history * markup (resim doctrine); gamma/time value now included in wins; expiry = intrinsic. Still simplified: RV-proxy IV (no vol smile/term structure), leg keeps entry sigma. 1% of equity spent on premium per trade.",
  "iv_markup_sweep": {
    "x1": {
      "sum_net_R": -338.9,
      "final_compounded_pct": -91.27
    },
    "x1.15": {
      "sum_net_R": -461.19,
      "final_compounded_pct": -95.46
    },
    "x1.2": {
      "sum_net_R": -503.23,
      "final_compounded_pct": -96.26
    },
    "x1.25": {
      "sum_net_R": -545.74,
      "final_compounded_pct": -96.89
    },
    "x1.5": {
      "sum_net_R": -764.02,
      "final_compounded_pct": -98.55
    }
  }
}
videos: 100/1360
videos: 200/1360
videos: 300/1360
videos: 400/1360
videos: 500/1360
videos: 600/1360
videos: 700/1360
videos: 800/1360
videos: 900/1360
videos: 1000/1360
videos: 1100/1360
videos: 1200/1360
videos: 1300/1360
videos done: 1360
overlay graph -> /app/data/results/SPY_R2_optbs/graph_vs_linear.png
{
  "symbol": "SPY",
  "bars": 8448,
  "from": "1993-01-29",
  "to": "2026-08-21",
  "rule": "same breakout signals; LONG weekly ATM CALL priced by BSM (RV(20)*1.2), 5d expiry; target-touch sells at model value, expiry settles intrinsic; premium = whole risk",
  "min_R_filter_pct_of_price": 0.3,
  "trades": 1124,
  "skipped_signals": 460,
  "win_rate_pct_all_trades": 39.95,
  "significant_trades": 1026,
  "non_significant_trades": 98,
  "significance_threshold_R": 0.2,
  "win_rate_pct_significant": 38.21,
  "profit_factor": 0.386,
  "profit_factor_significant": 0.38,
  "avg_r": -0.4251,
  "sum_r": -477.81,
  "median_hold_days": 5,
  "max_hold_days": 5,
  "still_open": 0,
  "final_fixed_pct": -313.04,
  "final_compounded_pct": -95.79,
  "maxdd_fixed_pct_of_T0": -314.38,
  "maxdd_compounded_pct_points_SABM": -96.37,
  "maxdd_compounded_pct_relative": -95.85,
  "buy_hold_pct": 1642.75,
  "target": "R2",
  "mode": "weekly-call-bsm",
  "pricing": "BSM sigma=RV(20)*1.2 (floor 0.1), r=0.04, haircut 3%/side, T=cal/365",
  "avg_premium_pct_of_S": 1.189,
  "avg_premium_R": 1.49,
  "skipped_no_rv_history": 4,
  "target_exits": 370,
  "expiry_settlements": 754,
  "expired_worthless": 453,
  "best_trade_R": 1.6877,
  "description": "MODEL-priced option on the breakout signals: a weekly ATM call priced by Black-Scholes from our own quote history (sigma = 20-day realized vol x 1.2 markup, 3%/side costs); sells at model value on the R2 target touch, settles intrinsic at expiry; premium = the whole risk.",
  "note": "MODEL-priced option (user request): premium & early-sale value from Black-Scholes with sigma = realized vol of our own quote history * markup (resim doctrine); gamma/time value now included in wins; expiry = intrinsic. Still simplified: RV-proxy IV (no vol smile/term structure), leg keeps entry sigma. 1% of equity spent on premium per trade.",
  "iv_markup_sweep": {
    "x1": {
      "sum_net_R": -295.05,
      "final_compounded_pct": -88.54
    },
    "x1.15": {
      "sum_net_R": -430.83,
      "final_compounded_pct": -94.7
    },
    "x1.2": {
      "sum_net_R": -477.81,
      "final_compounded_pct": -95.79
    },
    "x1.25": {
      "sum_net_R": -525.4,
      "final_compounded_pct": -96.61
    },
    "x1.5": {
      "sum_net_R": -769.72,
      "final_compounded_pct": -98.64
    }
  }
}
videos: 100/1124
videos: 200/1124
videos: 300/1124
videos: 400/1124
videos: 500/1124
videos: 600/1124
videos: 700/1124
videos: 800/1124
videos: 900/1124
videos: 1000/1124
videos: 1100/1124
videos done: 1124
overlay graph -> /app/data/results/SPY_R3_optbs/graph_vs_linear.png
{
  "symbol": "SPY",
  "bars": 8448,
  "from": "1993-01-29",
  "to": "2026-08-21",
  "rule": "same breakout signals; LONG weekly ATM CALL priced by BSM (RV(20)*1.2), 5d expiry; target-touch sells at model value, expiry settles intrinsic; premium = whole risk",
  "min_R_filter_pct_of_price": 0.3,
  "trades": 1038,
  "skipped_signals": 414,
  "win_rate_pct_all_trades": 34.39,
  "significant_trades": 952,
  "non_significant_trades": 86,
  "significance_threshold_R": 0.2,
  "win_rate_pct_significant": 32.04,
  "profit_factor": 0.405,
  "profit_factor_significant": 0.401,
  "avg_r": -0.4674,
  "sum_r": -485.21,
  "median_hold_days": 5,
  "max_hold_days": 5,
  "still_open": 0,
  "final_fixed_pct": -303.79,
  "final_compounded_pct": -95.41,
  "maxdd_fixed_pct_of_T0": -305.78,
  "maxdd_compounded_pct_points_SABM": -96.01,
  "maxdd_compounded_pct_relative": -95.5,
  "buy_hold_pct": 1642.75,
  "target": "R3",
  "mode": "weekly-call-bsm",
  "pricing": "BSM sigma=RV(20)*1.2 (floor 0.1), r=0.04, haircut 3%/side, T=cal/365",
  "avg_premium_pct_of_S": 1.188,
  "avg_premium_R": 1.492,
  "skipped_no_rv_history": 4,
  "target_exits": 182,
  "expiry_settlements": 856,
  "expired_worthless": 446,
  "best_trade_R": 3.013,
  "description": "MODEL-priced option on the breakout signals: a weekly ATM call priced by Black-Scholes from our own quote history (sigma = 20-day realized vol x 1.2 markup, 3%/side costs); sells at model value on the R3 target touch, settles intrinsic at expiry; premium = the whole risk.",
  "note": "MODEL-priced option (user request): premium & early-sale value from Black-Scholes with sigma = realized vol of our own quote history * markup (resim doctrine); gamma/time value now included in wins; expiry = intrinsic. Still simplified: RV-proxy IV (no vol smile/term structure), leg keeps entry sigma. 1% of equity spent on premium per trade.",
  "iv_markup_sweep": {
    "x1": {
      "sum_net_R": -291.42,
      "final_compounded_pct": -87.18
    },
    "x1.15": {
      "sum_net_R": -435.39,
      "final_compounded_pct": -94.18
    },
    "x1.2": {
      "sum_net_R": -485.21,
      "final_compounded_pct": -95.41
    },
    "x1.25": {
      "sum_net_R": -535.81,
      "final_compounded_pct": -96.33
    },
    "x1.5": {
      "sum_net_R": -796.78,
      "final_compounded_pct": -98.59
    }
  }
}
videos: 100/1038
videos: 200/1038
videos: 300/1038
videos: 400/1038
videos: 500/1038
videos: 600/1038
videos: 700/1038
videos: 800/1038
videos: 900/1038
videos: 1000/1038
videos done: 1038
overlay graph -> /app/data/results/SPY_R1_optbs21d/graph_vs_linear.png
{
  "symbol": "SPY",
  "bars": 8448,
  "from": "1993-01-29",
  "to": "2026-08-21",
  "rule": "same breakout signals; LONG monthly ATM CALL priced by BSM (RV(20)*1.2), 21d expiry; target-touch sells at model value, expiry settles intrinsic; premium = whole risk",
  "min_R_filter_pct_of_price": 0.3,
  "trades": 888,
  "skipped_signals": 396,
  "win_rate_pct_all_trades": 61.49,
  "significant_trades": 590,
  "non_significant_trades": 298,
  "significance_threshold_R": 0.2,
  "win_rate_pct_significant": 56.95,
  "profit_factor": 0.331,
  "profit_factor_significant": 0.285,
  "avg_r": -0.3301,
  "sum_r": -293.09,
  "median_hold_days": 4,
  "max_hold_days": 21,
  "still_open": 1,
  "final_fixed_pct": -91.06,
  "final_compounded_pct": -60.07,
  "maxdd_fixed_pct_of_T0": -91.3,
  "maxdd_compounded_pct_points_SABM": -60.3,
  "maxdd_compounded_pct_relative": -60.16,
  "buy_hold_pct": 1642.75,
  "target": "R1",
  "mode": "weekly-call-bsm",
  "pricing": "BSM sigma=RV(20)*1.2 (floor 0.1), r=0.04, haircut 3%/side, T=cal/365",
  "avg_premium_pct_of_S": 2.372,
  "avg_premium_R": 3.223,
  "skipped_no_rv_history": 4,
  "target_exits": 761,
  "expiry_settlements": 126,
  "expired_worthless": 119,
  "best_trade_R": 2.7609,
  "description": "MODEL-priced option on the breakout signals: a monthly ATM call priced by Black-Scholes from our own quote history (sigma = 20-day realized vol x 1.2 markup, 3%/side costs); sells at model value on the R1 target touch, settles intrinsic at expiry; premium = the whole risk.",
  "note": "MODEL-priced option (user request): premium & early-sale value from Black-Scholes with sigma = realized vol of our own quote history * markup (resim doctrine); gamma/time value now included in wins; expiry = intrinsic. Still simplified: RV-proxy IV (no vol smile/term structure), leg keeps entry sigma. 1% of equity spent on premium per trade.",
  "iv_markup_sweep": {
    "x1": {
      "sum_net_R": -190.15,
      "final_compounded_pct": -47.47
    },
    "x1.15": {
      "sum_net_R": -266.63,
      "final_compounded_pct": -57.4
    },
    "x1.2": {
      "sum_net_R": -293.09,
      "final_compounded_pct": -60.07
    },
    "x1.25": {
      "sum_net_R": -319.88,
      "final_compounded_pct": -62.44
    },
    "x1.5": {
      "sum_net_R": -458.1,
      "final_compounded_pct": -71.04
    }
  }
}
videos: 100/888
videos: 200/888
videos: 300/888
videos: 400/888
videos: 500/888
videos: 600/888
videos: 700/888
videos: 800/888
videos done: 888
overlay graph -> /app/data/results/SPY_R2_optbs21d/graph_vs_linear.png
{
  "symbol": "SPY",
  "bars": 8448,
  "from": "1993-01-29",
  "to": "2026-08-21",
  "rule": "same breakout signals; LONG monthly ATM CALL priced by BSM (RV(20)*1.2), 21d expiry; target-touch sells at model value, expiry settles intrinsic; premium = whole risk",
  "min_R_filter_pct_of_price": 0.3,
  "trades": 588,
  "skipped_signals": 254,
  "win_rate_pct_all_trades": 57.14,
  "significant_trades": 536,
  "non_significant_trades": 52,
  "significance_threshold_R": 0.2,
  "win_rate_pct_significant": 57.28,
  "profit_factor": 0.47,
  "profit_factor_significant": 0.465,
  "avg_r": -0.4081,
  "sum_r": -239.96,
  "median_hold_days": 11,
  "max_hold_days": 21,
  "still_open": 1,
  "final_fixed_pct": -76.75,
  "final_compounded_pct": -54.03,
  "maxdd_fixed_pct_of_T0": -76.75,
  "maxdd_compounded_pct_points_SABM": -54.03,
  "maxdd_compounded_pct_relative": -54.03,
  "buy_hold_pct": 1642.75,
  "target": "R2",
  "mode": "weekly-call-bsm",
  "pricing": "BSM sigma=RV(20)*1.2 (floor 0.1), r=0.04, haircut 3%/side, T=cal/365",
  "avg_premium_pct_of_S": 2.412,
  "avg_premium_R": 3.196,
  "skipped_no_rv_history": 4,
  "target_exits": 411,
  "expiry_settlements": 176,
  "expired_worthless": 133,
  "best_trade_R": 2.7609,
  "description": "MODEL-priced option on the breakout signals: a monthly ATM call priced by Black-Scholes from our own quote history (sigma = 20-day realized vol x 1.2 markup, 3%/side costs); sells at model value on the R2 target touch, settles intrinsic at expiry; premium = the whole risk.",
  "note": "MODEL-priced option (user request): premium & early-sale value from Black-Scholes with sigma = realized vol of our own quote history * markup (resim doctrine); gamma/time value now included in wins; expiry = intrinsic. Still simplified: RV-proxy IV (no vol smile/term structure), leg keeps entry sigma. 1% of equity spent on premium per trade.",
  "iv_markup_sweep": {
    "x1": {
      "sum_net_R": -126.49,
      "final_compounded_pct": -34.57
    },
    "x1.15": {
      "sum_net_R": -210.69,
      "final_compounded_pct": -50.1
    },
    "x1.2": {
      "sum_net_R": -239.96,
      "final_compounded_pct": -54.03
    },
    "x1.25": {
      "sum_net_R": -269.67,
      "final_compounded_pct": -57.45
    },
    "x1.5": {
      "sum_net_R": -421.72,
      "final_compounded_pct": -69.32
    }
  }
}
videos: 100/588
videos: 200/588
videos: 300/588
videos: 400/588
videos: 500/588
videos done: 588
overlay graph -> /app/data/results/SPY_R3_optbs21d/graph_vs_linear.png
{
  "symbol": "SPY",
  "bars": 8448,
  "from": "1993-01-29",
  "to": "2026-08-21",
  "rule": "same breakout signals; LONG monthly ATM CALL priced by BSM (RV(20)*1.2), 21d expiry; target-touch sells at model value, expiry settles intrinsic; premium = whole risk",
  "min_R_filter_pct_of_price": 0.3,
  "trades": 477,
  "skipped_signals": 206,
  "win_rate_pct_all_trades": 53.25,
  "significant_trades": 449,
  "non_significant_trades": 28,
  "significance_threshold_R": 0.2,
  "win_rate_pct_significant": 52.56,
  "profit_factor": 0.557,
  "profit_factor_significant": 0.554,
  "avg_r": -0.4215,
  "sum_r": -201.05,
  "median_hold_days": 19,
  "max_hold_days": 21,
  "still_open": 1,
  "final_fixed_pct": -66.65,
  "final_compounded_pct": -49.28,
  "maxdd_fixed_pct_of_T0": -66.74,
  "maxdd_compounded_pct_points_SABM": -49.31,
  "maxdd_compounded_pct_relative": -49.31,
  "buy_hold_pct": 1642.75,
  "target": "R3",
  "mode": "weekly-call-bsm",
  "pricing": "BSM sigma=RV(20)*1.2 (floor 0.1), r=0.04, haircut 3%/side, T=cal/365",
  "avg_premium_pct_of_S": 2.449,
  "avg_premium_R": 3.05,
  "skipped_no_rv_history": 4,
  "target_exits": 259,
  "expiry_settlements": 217,
  "expired_worthless": 144,
  "best_trade_R": 2.5225,
  "description": "MODEL-priced option on the breakout signals: a monthly ATM call priced by Black-Scholes from our own quote history (sigma = 20-day realized vol x 1.2 markup, 3%/side costs); sells at model value on the R3 target touch, settles intrinsic at expiry; premium = the whole risk.",
  "note": "MODEL-priced option (user request): premium & early-sale value from Black-Scholes with sigma = realized vol of our own quote history * markup (resim doctrine); gamma/time value now included in wins; expiry = intrinsic. Still simplified: RV-proxy IV (no vol smile/term structure), leg keeps entry sigma. 1% of equity spent on premium per trade.",
  "iv_markup_sweep": {
    "x1": {
      "sum_net_R": -85.9,
      "final_compounded_pct": -25.8
    },
    "x1.15": {
      "sum_net_R": -171.22,
      "final_compounded_pct": -44.65
    },
    "x1.2": {
      "sum_net_R": -201.05,
      "final_compounded_pct": -49.28
    },
    "x1.25": {
      "sum_net_R": -231.33,
      "final_compounded_pct": -53.33
    },
    "x1.5": {
      "sum_net_R": -387.33,
      "final_compounded_pct": -67.56
    }
  }
}
videos: 100/477
videos: 200/477
videos: 300/477
videos: 400/477
videos done: 477
overlay graph -> /app/data/results/SPY_R1_optbs63d/graph_vs_linear.png
{
  "symbol": "SPY",
  "bars": 8448,
  "from": "1993-01-29",
  "to": "2026-08-21",
  "rule": "same breakout signals; LONG quarterly ATM CALL priced by BSM (RV(20)*1.2), 63d expiry; target-touch sells at model value, expiry settles intrinsic; premium = whole risk",
  "min_R_filter_pct_of_price": 0.3,
  "trades": 618,
  "skipped_signals": 316,
  "win_rate_pct_all_trades": 59.06,
  "significant_trades": 345,
  "non_significant_trades": 273,
  "significance_threshold_R": 0.2,
  "win_rate_pct_significant": 56.81,
  "profit_factor": 0.259,
  "profit_factor_significant": 0.211,
  "avg_r": -0.3812,
  "sum_r": -235.6,
  "median_hold_days": 4,
  "max_hold_days": 63,
  "still_open": 1,
  "final_fixed_pct": -39.41,
  "final_compounded_pct": -32.74,
  "maxdd_fixed_pct_of_T0": -39.53,
  "maxdd_compounded_pct_points_SABM": -32.87,
  "maxdd_compounded_pct_relative": -32.82,
  "buy_hold_pct": 1642.75,
  "target": "R1",
  "mode": "weekly-call-bsm",
  "pricing": "BSM sigma=RV(20)*1.2 (floor 0.1), r=0.04, haircut 3%/side, T=cal/365",
  "avg_premium_pct_of_S": 3.827,
  "avg_premium_R": 5.554,
  "skipped_no_rv_history": 4,
  "target_exits": 576,
  "expiry_settlements": 41,
  "expired_worthless": 41,
  "best_trade_R": 1.2332,
  "description": "MODEL-priced option on the breakout signals: a quarterly ATM call priced by Black-Scholes from our own quote history (sigma = 20-day realized vol x 1.2 markup, 3%/side costs); sells at model value on the R1 target touch, settles intrinsic at expiry; premium = the whole risk.",
  "note": "MODEL-priced option (user request): premium & early-sale value from Black-Scholes with sigma = realized vol of our own quote history * markup (resim doctrine); gamma/time value now included in wins; expiry = intrinsic. Still simplified: RV-proxy IV (no vol smile/term structure), leg keeps entry sigma. 1% of equity spent on premium per trade.",
  "iv_markup_sweep": {
    "x1": {
      "sum_net_R": -167.82,
      "final_compounded_pct": -26.01
    },
    "x1.15": {
      "sum_net_R": -217.98,
      "final_compounded_pct": -31.15
    },
    "x1.2": {
      "sum_net_R": -235.6,
      "final_compounded_pct": -32.74
    },
    "x1.25": {
      "sum_net_R": -253.52,
      "final_compounded_pct": -34.25
    },
    "x1.5": {
      "sum_net_R": -347.22,
      "final_compounded_pct": -40.46
    }
  }
}
videos: 100/618
videos: 200/618
videos: 300/618
videos: 400/618
videos: 500/618
videos: 600/618
videos done: 618
overlay graph -> /app/data/results/SPY_R2_optbs63d/graph_vs_linear.png
{
  "symbol": "SPY",
  "bars": 8448,
  "from": "1993-01-29",
  "to": "2026-08-21",
  "rule": "same breakout signals; LONG quarterly ATM CALL priced by BSM (RV(20)*1.2), 63d expiry; target-touch sells at model value, expiry settles intrinsic; premium = whole risk",
  "min_R_filter_pct_of_price": 0.3,
  "trades": 378,
  "skipped_signals": 169,
  "win_rate_pct_all_trades": 67.99,
  "significant_trades": 339,
  "non_significant_trades": 39,
  "significance_threshold_R": 0.2,
  "win_rate_pct_significant": 68.14,
  "profit_factor": 0.519,
  "profit_factor_significant": 0.514,
  "avg_r": -0.363,
  "sum_r": -137.22,
  "median_hold_days": 11,
  "max_hold_days": 63,
  "still_open": 1,
  "final_fixed_pct": -22.57,
  "final_compounded_pct": -20.43,
  "maxdd_fixed_pct_of_T0": -22.6,
  "maxdd_compounded_pct_points_SABM": -20.43,
  "maxdd_compounded_pct_relative": -20.43,
  "buy_hold_pct": 1642.75,
  "target": "R2",
  "mode": "weekly-call-bsm",
  "pricing": "BSM sigma=RV(20)*1.2 (floor 0.1), r=0.04, haircut 3%/side, T=cal/365",
  "avg_premium_pct_of_S": 3.86,
  "avg_premium_R": 5.572,
  "skipped_no_rv_history": 4,
  "target_exits": 329,
  "expiry_settlements": 48,
  "expired_worthless": 40,
  "best_trade_R": 1.2924,
  "description": "MODEL-priced option on the breakout signals: a quarterly ATM call priced by Black-Scholes from our own quote history (sigma = 20-day realized vol x 1.2 markup, 3%/side costs); sells at model value on the R2 target touch, settles intrinsic at expiry; premium = the whole risk.",
  "note": "MODEL-priced option (user request): premium & early-sale value from Black-Scholes with sigma = realized vol of our own quote history * markup (resim doctrine); gamma/time value now included in wins; expiry = intrinsic. Still simplified: RV-proxy IV (no vol smile/term structure), leg keeps entry sigma. 1% of equity spent on premium per trade.",
  "iv_markup_sweep": {
    "x1": {
      "sum_net_R": -70.29,
      "final_compounded_pct": -10.46
    },
    "x1.15": {
      "sum_net_R": -119.79,
      "final_compounded_pct": -18.15
    },
    "x1.2": {
      "sum_net_R": -137.22,
      "final_compounded_pct": -20.43
    },
    "x1.25": {
      "sum_net_R": -155.12,
      "final_compounded_pct": -22.57
    },
    "x1.5": {
      "sum_net_R": -247.4,
      "final_compounded_pct": -31.3
    }
  }
}
videos: 100/378
videos: 200/378
videos: 300/378
videos done: 378
overlay graph -> /app/data/results/SPY_R3_optbs63d/graph_vs_linear.png
{
  "symbol": "SPY",
  "bars": 8448,
  "from": "1993-01-29",
  "to": "2026-08-21",
  "rule": "same breakout signals; LONG quarterly ATM CALL priced by BSM (RV(20)*1.2), 63d expiry; target-touch sells at model value, expiry settles intrinsic; premium = whole risk",
  "min_R_filter_pct_of_price": 0.3,
  "trades": 268,
  "skipped_signals": 142,
  "win_rate_pct_all_trades": 63.81,
  "significant_trades": 250,
  "non_significant_trades": 18,
  "significance_threshold_R": 0.2,
  "win_rate_pct_significant": 64.4,
  "profit_factor": 0.608,
  "profit_factor_significant": 0.606,
  "avg_r": -0.3941,
  "sum_r": -105.61,
  "median_hold_days": 20,
  "max_hold_days": 63,
  "still_open": 1,
  "final_fixed_pct": -16.89,
  "final_compounded_pct": -15.82,
  "maxdd_fixed_pct_of_T0": -20.45,
  "maxdd_compounded_pct_points_SABM": -19.06,
  "maxdd_compounded_pct_relative": -18.64,
  "buy_hold_pct": 1642.75,
  "target": "R3",
  "mode": "weekly-call-bsm",
  "pricing": "BSM sigma=RV(20)*1.2 (floor 0.1), r=0.04, haircut 3%/side, T=cal/365",
  "avg_premium_pct_of_S": 3.83,
  "avg_premium_R": 5.332,
  "skipped_no_rv_history": 4,
  "target_exits": 213,
  "expiry_settlements": 54,
  "expired_worthless": 44,
  "best_trade_R": 1.892,
  "description": "MODEL-priced option on the breakout signals: a quarterly ATM call priced by Black-Scholes from our own quote history (sigma = 20-day realized vol x 1.2 markup, 3%/side costs); sells at model value on the R3 target touch, settles intrinsic at expiry; premium = the whole risk.",
  "note": "MODEL-priced option (user request): premium & early-sale value from Black-Scholes with sigma = realized vol of our own quote history * markup (resim doctrine); gamma/time value now included in wins; expiry = intrinsic. Still simplified: RV-proxy IV (no vol smile/term structure), leg keeps entry sigma. 1% of equity spent on premium per trade.",
  "iv_markup_sweep": {
    "x1": {
      "sum_net_R": -42.14,
      "final_compounded_pct": -4.59
    },
    "x1.15": {
      "sum_net_R": -89.15,
      "final_compounded_pct": -13.29
    },
    "x1.2": {
      "sum_net_R": -105.61,
      "final_compounded_pct": -15.82
    },
    "x1.25": {
      "sum_net_R": -122.56,
      "final_compounded_pct": -18.23
    },
    "x1.5": {
      "sum_net_R": -210.08,
      "final_compounded_pct": -27.96
    }
  }
}
videos: 100/268
videos: 200/268
videos done: 268
overlay graph -> /app/data/results/SPY_R1_optbs_vix/graph_vs_linear.png
{
  "symbol": "SPY",
  "bars": 8448,
  "from": "1993-01-29",
  "to": "2026-08-21",
  "rule": "same breakout signals; LONG weekly ATM CALL priced by BSM (RV(20)*1), 5d expiry; target-touch sells at model value, expiry settles intrinsic; premium = whole risk",
  "min_R_filter_pct_of_price": 0.3,
  "trades": 1364,
  "skipped_signals": 576,
  "win_rate_pct_all_trades": 47.8,
  "significant_trades": 1045,
  "non_significant_trades": 319,
  "significance_threshold_R": 0.2,
  "win_rate_pct_significant": 42.11,
  "profit_factor": 0.291,
  "profit_factor_significant": 0.26,
  "avg_r": -0.3518,
  "sum_r": -479.88,
  "median_hold_days": 4,
  "max_hold_days": 5,
  "still_open": 0,
  "final_fixed_pct": -332.71,
  "final_compounded_pct": -96.51,
  "maxdd_fixed_pct_of_T0": -332.94,
  "maxdd_compounded_pct_points_SABM": -96.74,
  "maxdd_compounded_pct_relative": -96.52,
  "buy_hold_pct": 1642.75,
  "target": "R1",
  "mode": "weekly-call-bsm",
  "pricing": "BSM sigma=VIX*1 (floor 0.1), r=0.04, haircut 3%/side, T=cal/365",
  "avg_premium_pct_of_S": 1.116,
  "avg_premium_R": 1.494,
  "skipped_no_rv_history": 0,
  "target_exits": 846,
  "expiry_settlements": 518,
  "expired_worthless": 416,
  "best_trade_R": 1.4112,
  "description": "MODEL-priced option on the breakout signals: a weekly ATM call priced by Black-Scholes from our own quote history (sigma = 20-day realized vol x 1 markup, 3%/side costs); sells at model value on the R1 target touch, settles intrinsic at expiry; premium = the whole risk.",
  "note": "MODEL-priced option (user request): premium & early-sale value from Black-Scholes with sigma = realized vol of our own quote history * markup (resim doctrine); gamma/time value now included in wins; expiry = intrinsic. Still simplified: RV-proxy IV (no vol smile/term structure), leg keeps entry sigma. 1% of equity spent on premium per trade.",
  "iv_markup_sweep": {
    "x1": {
      "sum_net_R": -479.88,
      "final_compounded_pct": -96.51
    },
    "x1.15": {
      "sum_net_R": -644.96,
      "final_compounded_pct": -98.22
    },
    "x1.2": {
      "sum_net_R": -699.6,
      "final_compounded_pct": -98.52
    },
    "x1.25": {
      "sum_net_R": -754.04,
      "final_compounded_pct": -98.75
    },
    "x1.5": {
      "sum_net_R": -1023.77,
      "final_compounded_pct": -99.36
    }
  }
}
videos: 100/1364
videos: 200/1364
videos: 300/1364
videos: 400/1364
videos: 500/1364
videos: 600/1364
videos: 700/1364
videos: 800/1364
videos: 900/1364
videos: 1000/1364
videos: 1100/1364
videos: 1200/1364
videos: 1300/1364
videos done: 1364
overlay graph -> /app/data/results/SPY_R1_optbs21d_vix/graph_vs_linear.png
{
  "symbol": "SPY",
  "bars": 8448,
  "from": "1993-01-29",
  "to": "2026-08-21",
  "rule": "same breakout signals; LONG monthly ATM CALL priced by BSM (RV(20)*1), 21d expiry; target-touch sells at model value, expiry settles intrinsic; premium = whole risk",
  "min_R_filter_pct_of_price": 0.3,
  "trades": 889,
  "skipped_signals": 391,
  "win_rate_pct_all_trades": 61.08,
  "significant_trades": 577,
  "non_significant_trades": 312,
  "significance_threshold_R": 0.2,
  "win_rate_pct_significant": 54.77,
  "profit_factor": 0.316,
  "profit_factor_significant": 0.262,
  "avg_r": -0.3379,
  "sum_r": -300.4,
  "median_hold_days": 4,
  "max_hold_days": 21,
  "still_open": 1,
  "final_fixed_pct": -97.29,
  "final_compounded_pct": -62.47,
  "maxdd_fixed_pct_of_T0": -97.4,
  "maxdd_compounded_pct_points_SABM": -62.59,
  "maxdd_compounded_pct_relative": -62.52,
  "buy_hold_pct": 1642.75,
  "target": "R1",
  "mode": "weekly-call-bsm",
  "pricing": "BSM sigma=VIX*1 (floor 0.1), r=0.04, haircut 3%/side, T=cal/365",
  "avg_premium_pct_of_S": 2.286,
  "avg_premium_R": 3.223,
  "skipped_no_rv_history": 0,
  "target_exits": 761,
  "expiry_settlements": 127,
  "expired_worthless": 120,
  "best_trade_R": 2.6774,
  "description": "MODEL-priced option on the breakout signals: a monthly ATM call priced by Black-Scholes from our own quote history (sigma = 20-day realized vol x 1 markup, 3%/side costs); sells at model value on the R1 target touch, settles intrinsic at expiry; premium = the whole risk.",
  "note": "MODEL-priced option (user request): premium & early-sale value from Black-Scholes with sigma = realized vol of our own quote history * markup (resim doctrine); gamma/time value now included in wins; expiry = intrinsic. Still simplified: RV-proxy IV (no vol smile/term structure), leg keeps entry sigma. 1% of equity spent on premium per trade.",
  "iv_markup_sweep": {
    "x1": {
      "sum_net_R": -300.4,
      "final_compounded_pct": -62.47
    },
    "x1.15": {
      "sum_net_R": -409.58,
      "final_compounded_pct": -70.1
    },
    "x1.2": {
      "sum_net_R": -445.67,
      "final_compounded_pct": -71.93
    },
    "x1.25": {
      "sum_net_R": -481.66,
      "final_compounded_pct": -73.51
    },
    "x1.5": {
      "sum_net_R": -659.83,
      "final_compounded_pct": -78.94
    }
  }
}
videos: 100/889
videos: 200/889
videos: 300/889
videos: 400/889
videos: 500/889
videos: 600/889
videos: 700/889
videos: 800/889
videos done: 889
overlay graph -> /app/data/results/SPY_R1_optbs63d_vix/graph_vs_linear.png
{
  "symbol": "SPY",
  "bars": 8448,
  "from": "1993-01-29",
  "to": "2026-08-21",
  "rule": "same breakout signals; LONG quarterly ATM CALL priced by BSM (RV(20)*1), 63d expiry; target-touch sells at model value, expiry settles intrinsic; premium = whole risk",
  "min_R_filter_pct_of_price": 0.3,
  "trades": 619,
  "skipped_signals": 311,
  "win_rate_pct_all_trades": 54.93,
  "significant_trades": 333,
  "non_significant_trades": 286,
  "significance_threshold_R": 0.2,
  "win_rate_pct_significant": 47.45,
  "profit_factor": 0.208,
  "profit_factor_significant": 0.157,
  "avg_r": -0.4262,
  "sum_r": -263.84,
  "median_hold_days": 4,
  "max_hold_days": 63,
  "still_open": 1,
  "final_fixed_pct": -45.11,
  "final_compounded_pct": -36.47,
  "maxdd_fixed_pct_of_T0": -45.16,
  "maxdd_compounded_pct_points_SABM": -36.52,
  "maxdd_compounded_pct_relative": -36.5,
  "buy_hold_pct": 1642.75,
  "target": "R1",
  "mode": "weekly-call-bsm",
  "pricing": "BSM sigma=VIX*1 (floor 0.1), r=0.04, haircut 3%/side, T=cal/365",
  "avg_premium_pct_of_S": 3.939,
  "avg_premium_R": 5.882,
  "skipped_no_rv_history": 0,
  "target_exits": 577,
  "expiry_settlements": 41,
  "expired_worthless": 41,
  "best_trade_R": 1.0186,
  "description": "MODEL-priced option on the breakout signals: a quarterly ATM call priced by Black-Scholes from our own quote history (sigma = 20-day realized vol x 1 markup, 3%/side costs); sells at model value on the R1 target touch, settles intrinsic at expiry; premium = the whole risk.",
  "note": "MODEL-priced option (user request): premium & early-sale value from Black-Scholes with sigma = realized vol of our own quote history * markup (resim doctrine); gamma/time value now included in wins; expiry = intrinsic. Still simplified: RV-proxy IV (no vol smile/term structure), leg keeps entry sigma. 1% of equity spent on premium per trade.",
  "iv_markup_sweep": {
    "x1": {
      "sum_net_R": -263.84,
      "final_compounded_pct": -36.47
    },
    "x1.15": {
      "sum_net_R": -342.96,
      "final_compounded_pct": -41.58
    },
    "x1.2": {
      "sum_net_R": -369.13,
      "final_compounded_pct": -42.93
    },
    "x1.25": {
      "sum_net_R": -395.24,
      "final_compounded_pct": -44.15
    },
    "x1.5": {
      "sum_net_R": -524.49,
      "final_compounded_pct": -48.8
    }
  }
}
videos: 100/619
videos: 200/619
videos: 300/619
videos: 400/619
videos: 500/619
videos: 600/619
videos done: 619
overlay graph -> /app/data/results/SPY_disc_optbs_vix/graph_vs_linear.png
{
  "symbol": "SPY",
  "bars": 8448,
  "from": "1993-01-29",
  "to": "2026-08-21",
  "rule": "part-II cocktail-proxy trail exits; ATM CALL chain priced by BSM (RV(20)*1), re-struck ATM every 5d while the trade lives",
  "min_R_filter_pct_of_price": 0.3,
  "trades": 835,
  "skipped_signals": 270,
  "win_rate_pct_all_trades": 16.77,
  "significant_trades": 807,
  "non_significant_trades": 28,
  "significance_threshold_R": 0.2,
  "win_rate_pct_significant": 15.86,
  "profit_factor": 0.338,
  "profit_factor_significant": 0.336,
  "avg_r": -0.4955,
  "sum_r": -413.75,
  "median_hold_days": 3,
  "max_hold_days": 58,
  "still_open": 0,
  "final_fixed_pct": -328.01,
  "final_compounded_pct": -96.29,
  "maxdd_fixed_pct_of_T0": -328.97,
  "maxdd_compounded_pct_points_SABM": -96.64,
  "maxdd_compounded_pct_relative": -96.33,
  "buy_hold_pct": 1642.75,
  "target": "disc",
  "mode": "disc-option-bsm",
  "pricing": "BSM sigma=VIX*1 (floor 0.1), r=0.04, haircut 3%/side, ATM re-strike each roll",
  "avg_premium_R": 2.106,
  "avg_weeks_rolled": 1.64,
  "skipped_no_rv_history": 0,
  "reached_2R_pct": 31.3,
  "reached_3R_pct": 20.6,
  "best_trade_R": 8.2412,
  "description": "MODEL-priced option chain riding the Part-II discretionary trail: ATM call priced by Black-Scholes from the quote history, re-struck ATM at every weekly expiry while the trade lives (intrinsic collected each roll), model value at the trail exit; premiums = the whole risk.",
  "note": "MODEL-priced option chain on the part-II trail: BSM premiums from our quote history (RV*markup), intrinsic at each weekly roll (ATM re-strike), model value at trail exit. 1% equity premium budget per trade-chain.",
  "iv_markup_sweep": {
    "x1": {
      "sum_net_R": -413.75,
      "final_compounded_pct": -96.29
    },
    "x1.15": {
      "sum_net_R": -562.54,
      "final_compounded_pct": -96.82
    },
    "x1.2": {
      "sum_net_R": -611.86,
      "final_compounded_pct": -96.95
    },
    "x1.25": {
      "sum_net_R": -661.01,
      "final_compounded_pct": -97.06
    },
    "x1.5": {
      "sum_net_R": -904.62,
      "final_compounded_pct": -97.44
    }
  }
}
videos: 100/835
videos: 200/835
videos: 300/835
videos: 400/835
videos: 500/835
videos: 600/835
videos: 700/835
videos: 800/835
videos done: 835
{
  "symbol": "SPY",
  "target": "R1",
  "bars": 8448,
  "from": "1993-01-29",
  "to": "2026-08-21",
  "rule": "long at close when close > previous day's high; stop = body bottom (min(open,close)); target = entry + 1*R; both-touched day = pessimistic stop",
  "min_R_filter_pct_of_price": 0.0,
  "trades": 1838,
  "skipped_signals": 194,
  "micro_body_trades_R_lt_0.1pct_of_price": 92,
  "win_rate_pct_all_trades": 47.88,
  "significant_trades": 1838,
  "non_significant_trades": 0,
  "significance_threshold_R": 0.2,
  "flat_trades_r_eq_0": 0,
  "win_rate_pct_significant": 47.88,
  "profit_factor": 1.011,
  "profit_factor_significant": 1.011,
  "avg_r": 0.0085,
  "sum_r": 15.7,
  "sum_r_excl_micro": -134.37,
  "top10_trades_sum_r": 301.62,
  "positive_accidents_beyond_target": 272,
  "gap_losses_worse_than_minus1R": 250,
  "ambiguous_days_pessimistic": 76,
  "sum_r_optimistic_ambiguous": 167.7,
  "still_open": 1,
  "median_hold_days": 1,
  "max_hold_days": 67,
  "leverage_capped_curve": true,
  "trades_hitting_notional_cap": 1352,
  "final_fixed_pct_sabm_literal": 15.7,
  "avg_risk_fraction_pct": 0.624,
  "final_fixed_pct": -73.4,
  "final_compounded_pct": -54.8,
  "maxdd_fixed_pct_of_T0": -102.67,
  "maxdd_compounded_pct_points_SABM": -74.18,
  "maxdd_compounded_pct_relative": -65.8,
  "buy_hold_pct": 1642.75,
  "description": "Linear breakout with the SABM Part-I R-target exit: enter long at the daily close when the candle closes above the previous day's high (stop = bottom of the signal candle's body, defining R); a resting limit sells at entry + 1R; the resting stop exits at -1R; gaps fill at the open (accidents beyond the target, losses beyond -1R); a day touching both counts pessimistically as a stop.",
  "note": "gross of commissions/slippage; risk 1% per trade like the SABM study, position capped at 100% equity (no leverage). NO TPG breakeven/cut layer: unlike the SABM track record (p.11, p.15) losers are not neutralised, so the -1R bucket is the mode rather than the exception - win rate and profit factor are NOT comparable to SABM 62% / 2.74. SABM-style maxDD = percentage-point spread on the compounded curve (p.20)."
}
videos: 100/1838
videos: 200/1838
videos: 300/1838
videos: 400/1838
videos: 500/1838
videos: 600/1838
videos: 700/1838
videos: 800/1838
videos: 900/1838
videos: 1000/1838
videos: 1100/1838
videos: 1200/1838
videos: 1300/1838
videos: 1400/1838
videos: 1500/1838
videos: 1600/1838
videos: 1700/1838
videos: 1800/1838
videos done: 1838
overlay graph -> /app/data/results/SPY_disc_opt/graph_vs_linear.png
{
  "symbol": "SPY",
  "bars": 8448,
  "from": "1993-01-29",
  "to": "2026-08-21",
  "rule": "part-II cocktail-proxy trail exits; LONG CALL delta 0.5, premium 1%/5d rolled while the trade lives; no stop on the option (premium = risk)",
  "min_R_filter_pct_of_price": 0.3,
  "trades": 835,
  "skipped_signals": 270,
  "win_rate_pct_all_trades": 1.8,
  "significant_trades": 826,
  "non_significant_trades": 9,
  "significance_threshold_R": 0.2,
  "win_rate_pct_significant": 1.69,
  "profit_factor": 0.006,
  "profit_factor_significant": 0.006,
  "avg_r": -1.6475,
  "sum_r": -1375.64,
  "median_hold_days": 3,
  "max_hold_days": 58,
  "still_open": 0,
  "final_fixed_pct": -726.04,
  "final_compounded_pct": -99.93,
  "maxdd_fixed_pct_of_T0": -726.04,
  "maxdd_compounded_pct_points_SABM": -99.93,
  "maxdd_compounded_pct_relative": -99.93,
  "buy_hold_pct": 1642.75,
  "target": "disc",
  "mode": "disc-option-rough",
  "avg_premium_R": 2.041,
  "avg_weeks_rolled": 1.64,
  "reached_2R_pct": 31.3,
  "reached_3R_pct": 20.6,
  "best_trade_R": 1.1692,
  "note": "ROUGH option on the part-II trail: same trail exits as linear; the call is ROLLED every OPT_DAYS held (premium re-paid), payoff = delta*max(0, exit move) - total premiums; static delta, no theta path (user-acknowledged). 1% equity premium budget.",
  "premium_sweep": {
    "0.5%": {
      "sum_net_R": -523.4,
      "final_compounded_pct": -99.8
    },
    "0.75%": {
      "sum_net_R": -949.5,
      "final_compounded_pct": -99.9
    },
    "1%": {
      "sum_net_R": -1375.6,
      "final_compounded_pct": -99.9
    },
    "1.25%": {
      "sum_net_R": -1801.8,
      "final_compounded_pct": -99.9
    },
    "1.5%": {
      "sum_net_R": -2227.9,
      "final_compounded_pct": -100.0
    }
  }
}
videos: 100/835
videos: 200/835
videos: 300/835
videos: 400/835
videos: 500/835
videos: 600/835
videos: 700/835
videos: 800/835
videos done: 835
{
  "symbol": "SPY",
  "bars": 8448,
  "from": "1993-01-29",
  "to": "2026-08-21",
  "rule": "long at EVERY open when flat; R = 0.25% of the open (defined SL); resting stop -1R / resting limit +1R; both-touched day = pessimistic stop",
  "min_R_filter_pct_of_price": 0.3,
  "trades": 8159,
  "skipped_signals": 0,
  "win_rate_pct_all_trades": 28.46,
  "significant_trades": 8158,
  "non_significant_trades": 1,
  "significance_threshold_R": 0.2,
  "win_rate_pct_significant": 28.46,
  "profit_factor": 0.403,
  "profit_factor_significant": 0.403,
  "avg_r": -0.4293,
  "sum_r": -3502.68,
  "median_hold_days": 0,
  "max_hold_days": 3,
  "still_open": 1,
  "final_fixed_pct": -875.65,
  "final_compounded_pct": -99.98,
  "maxdd_fixed_pct_of_T0": -876.4,
  "maxdd_compounded_pct_points_SABM": -100.74,
  "maxdd_compounded_pct_relative": -99.98,
  "buy_hold_pct": 1642.75,
  "target": "R1",
  "mode": "daily-open-sabm-target",
  "open_sl_pct": 0.25,
  "final_fixed_pct_sabm_literal": -3502.68,
  "leverage_capped_curve": true,
  "trades_hitting_notional_cap": 8159,
  "positive_accidents_beyond_target": 181,
  "gap_losses_worse_than_minus1R": 323,
  "ambiguous_days_pessimistic": 3493,
  "ambiguous_share_pct": 42.8,
  "sum_r_optimistic_ambiguous": 3483.32,
  "best_trade_R": 4.8013,
  "description": "Daily-open entry x SABM Part-I target exit: enter long at EVERY market open when flat; R = the defined stop-loss of 0.25% below the open (editable --open-sl-pct); resting stop at -1R, resting limit sells at +1R; gaps fill at the open; a day touching both counts pessimistically as a stop.",
  "note": "R is DEFINED by the chosen SL (not by candle structure); gross; 1% risk capped at 100% equity. \u26a0 HONESTY LIMIT: with a tight SL both stop AND target often sit inside ONE daily bar; the intraday order is unknowable from OHLC, so both-touch days count pessimistically as stops. When ambiguous_share_pct is large the pessimistic and optimistic bounds diverge so far that DAILY DATA CANNOT SETTLE THIS LINE - it needs intraday bars."
}
videos: 100/8159
videos: 200/8159
videos: 300/8159
videos: 400/8159
videos: 500/8159
videos: 600/8159
videos: 700/8159
videos: 800/8159
videos: 900/8159
videos: 1000/8159
videos: 1100/8159
videos: 1200/8159
videos: 1300/8159
videos: 1400/8159
videos: 1500/8159
videos: 1600/8159
videos: 1700/8159
videos: 1800/8159
videos: 1900/8159
videos: 2000/8159
videos: 2100/8159
videos: 2200/8159
videos: 2300/8159
videos: 2400/8159
videos: 2500/8159
videos: 2600/8159
videos: 2700/8159
videos: 2800/8159
videos: 2900/8159
videos: 3000/8159
videos: 3100/8159
videos: 3200/8159
videos: 3300/8159
videos: 3400/8159
videos: 3500/8159
videos: 3600/8159
videos: 3700/8159
videos: 3800/8159
videos: 3900/8159
videos: 4000/8159
videos: 4100/8159
videos: 4200/8159
videos: 4300/8159
videos: 4400/8159
videos: 4500/8159
videos: 4600/8159
videos: 4700/8159
videos: 4800/8159
videos: 4900/8159
videos: 5000/8159
videos: 5100/8159
videos: 5200/8159
videos: 5300/8159
videos: 5400/8159
videos: 5500/8159
videos: 5600/8159
videos: 5700/8159
videos: 5800/8159
videos: 5900/8159
videos: 6000/8159
videos: 6100/8159
videos: 6200/8159
videos: 6300/8159
videos: 6400/8159
videos: 6500/8159
videos: 6600/8159
videos: 6700/8159
videos: 6800/8159
videos: 6900/8159
videos: 7000/8159
videos: 7100/8159
videos: 7200/8159
videos: 7300/8159
videos: 7400/8159
videos: 7500/8159
videos: 7600/8159
videos: 7700/8159
videos: 7800/8159
videos: 7900/8159
videos: 8000/8159
videos: 8100/8159
videos done: 8159
{
  "symbol": "SPY",
  "bars": 8448,
  "from": "1993-01-29",
  "to": "2026-08-21",
  "rule": "long at EVERY open when flat; R = 0.25% of the open (defined SL); resting stop -1R / resting limit +2R; both-touched day = pessimistic stop",
  "min_R_filter_pct_of_price": 0.3,
  "trades": 7508,
  "skipped_signals": 0,
  "win_rate_pct_all_trades": 24.0,
  "significant_trades": 7507,
  "non_significant_trades": 1,
  "significance_threshold_R": 0.2,
  "win_rate_pct_significant": 24.0,
  "profit_factor": 0.642,
  "profit_factor_significant": 0.642,
  "avg_r": -0.2758,
  "sum_r": -2070.62,
  "median_hold_days": 0,
  "max_hold_days": 7,
  "still_open": 1,
  "final_fixed_pct": -517.64,
  "final_compounded_pct": -99.46,
  "maxdd_fixed_pct_of_T0": -521.96,
  "maxdd_compounded_pct_points_SABM": -102.19,
  "maxdd_compounded_pct_relative": -99.48,
  "buy_hold_pct": 1642.75,
  "target": "R2",
  "mode": "daily-open-sabm-target",
  "open_sl_pct": 0.25,
  "final_fixed_pct_sabm_literal": -2070.62,
  "leverage_capped_curve": true,
  "trades_hitting_notional_cap": 7508,
  "positive_accidents_beyond_target": 260,
  "gap_losses_worse_than_minus1R": 348,
  "ambiguous_days_pessimistic": 2110,
  "ambiguous_share_pct": 28.1,
  "sum_r_optimistic_ambiguous": 4259.38,
  "best_trade_R": 6.4852,
  "description": "Daily-open entry x SABM Part-I target exit: enter long at EVERY market open when flat; R = the defined stop-loss of 0.25% below the open (editable --open-sl-pct); resting stop at -1R, resting limit sells at +2R; gaps fill at the open; a day touching both counts pessimistically as a stop.",
  "note": "R is DEFINED by the chosen SL (not by candle structure); gross; 1% risk capped at 100% equity. \u26a0 HONESTY LIMIT: with a tight SL both stop AND target often sit inside ONE daily bar; the intraday order is unknowable from OHLC, so both-touch days count pessimistically as stops. When ambiguous_share_pct is large the pessimistic and optimistic bounds diverge so far that DAILY DATA CANNOT SETTLE THIS LINE - it needs intraday bars."
}
videos: 100/7508
videos: 200/7508
videos: 300/7508
videos: 400/7508
videos: 500/7508
videos: 600/7508
videos: 700/7508
videos: 800/7508
videos: 900/7508
videos: 1000/7508
videos: 1100/7508
videos: 1200/7508
videos: 1300/7508
videos: 1400/7508
videos: 1500/7508
videos: 1600/7508
videos: 1700/7508
videos: 1800/7508
videos: 1900/7508
videos: 2000/7508
videos: 2100/7508
videos: 2200/7508
videos: 2300/7508
videos: 2400/7508
videos: 2500/7508
videos: 2600/7508
videos: 2700/7508
videos: 2800/7508
videos: 2900/7508
videos: 3000/7508
videos: 3100/7508
videos: 3200/7508
videos: 3300/7508
videos: 3400/7508
videos: 3500/7508
videos: 3600/7508
videos: 3700/7508
videos: 3800/7508
videos: 3900/7508
videos: 4000/7508
videos: 4100/7508
videos: 4200/7508
videos: 4300/7508
videos: 4400/7508
videos: 4500/7508
videos: 4600/7508
videos: 4700/7508
videos: 4800/7508
videos: 4900/7508
videos: 5000/7508
videos: 5100/7508
videos: 5200/7508
videos: 5300/7508
videos: 5400/7508
videos: 5500/7508
