=== batchD start 15:54:43
{
  "symbol": "SPY",
  "bars": 8448,
  "from": "1993-01-29",
  "to": "2026-08-21",
  "rule": "0DTE ATM call at every flat open; transform when the 0DTE affords one weekly ATM (all proceeds); exit on first daily close below the previous candle's low",
  "min_R_filter_pct_of_price": 0.3,
  "trades": 4948,
  "skipped_signals": 0,
  "win_rate_pct_all_trades": 33.23,
  "significant_trades": 4568,
  "non_significant_trades": 380,
  "significance_threshold_R": 0.2,
  "win_rate_pct_significant": 31.92,
  "profit_factor": 0.861,
  "profit_factor_significant": 0.86,
  "avg_r": -0.0794,
  "sum_r": -392.92,
  "median_hold_days": 0,
  "max_hold_days": 22,
  "still_open": 0,
  "final_fixed_pct": -392.92,
  "final_compounded_pct": -98.93,
  "maxdd_fixed_pct_of_T0": -412.45,
  "maxdd_compounded_pct_points_SABM": -100.45,
  "maxdd_compounded_pct_relative": -99.05,
  "buy_hold_pct": 1642.75,
  "target": "transform",
  "mode": "0dte-weekly-transform-sabm",
  "pricing": "BSM sigma=RV(20)*1.2 (floor 0.1), r=0.04, haircut 3%/side",
  "transform_trigger": "afford",
  "avg_afford_trigger_move_pct": 1.188,
  "min_afford_trigger_move_pct": 0.629,
  "max_afford_trigger_move_pct": 7.044,
  "transform_exit": "prevlow",
  "transform_dte": 5,
  "transforms": 694,
  "transform_rate_pct": 14.03,
  "transform_day_exit_convention": "exit arms next day (pre-trigger low/close unusable)",
  "avg_proof_premium_pct_of_S": 0.306,
  "skipped_no_rv_history": 19,
  "best_trade_multiple": 28.302,
  "description": "0DTE proof -> weekly transform -> prev-low close exit (the H3 pipeline): every flat day buy a 0DTE ATM call at the open (premium = the whole risk); at the FIRST intraday price where the 0DTE's model value pays for one weekly ATM call (real-time affordability, --transform-trigger afford: the required move floats with vol/tenor), all proceeds roll into a weekly ATM call at the trigger price, sold on the first daily CLOSE below the previous candle's low (--transform-exit prevlow) with ATM re-strikes at each weekly expiry; the exit sells at model value. r is in proof-premium multiples (-1 = the premium, the whole risk).",
  "note": "BSM-priced both legs; transform fill pessimistically AT the trigger; the exit arms from the day AFTER the transform (intraday order vs the trigger is unknowable on daily OHLC); daily proof spend = 1% of equity per attempt.",
  "iv_markup_sweep": {
    "x1": {
      "sum_net_R": 322.63,
      "final_compounded_pct": 766.03
    },
    "x1.15": {
      "sum_net_R": -208.87,
      "final_compounded_pct": -93.79
    },
    "x1.2": {
      "sum_net_R": -392.92,
      "final_compounded_pct": -98.93
    },
    "x1.25": {
      "sum_net_R": -582.61,
      "final_compounded_pct": -99.83
    },
    "x1.5": {
      "sum_net_R": -1308.08,
      "final_compounded_pct": -100.0
    }
  }
}
videos: 100/4948
videos: 200/4948
videos: 300/4948
videos: 400/4948
videos: 500/4948
videos: 600/4948
videos: 700/4948
videos: 800/4948
videos: 900/4948
videos: 1000/4948
videos: 1100/4948
videos: 1200/4948
videos: 1300/4948
videos: 1400/4948
videos: 1500/4948
videos: 1600/4948
videos: 1700/4948
videos: 1800/4948
videos: 1900/4948
videos: 2000/4948
videos: 2100/4948
videos: 2200/4948
videos: 2300/4948
videos: 2400/4948
videos: 2500/4948
videos: 2600/4948
videos: 2700/4948
videos: 2800/4948
videos: 2900/4948
videos: 3000/4948
videos: 3100/4948
videos: 3200/4948
videos: 3300/4948
videos: 3400/4948
videos: 3500/4948
videos: 3600/4948
videos: 3700/4948
videos: 3800/4948
videos: 3900/4948
videos: 4000/4948
videos: 4100/4948
videos: 4200/4948
videos: 4300/4948
videos: 4400/4948
videos: 4500/4948
videos: 4600/4948
videos: 4700/4948
videos: 4800/4948
videos: 4900/4948
videos done: 4948
=== batchD afford-prevlow-weekly done 16:17:37
{
  "symbol": "SPY",
  "bars": 8448,
  "from": "1993-01-29",
  "to": "2026-08-21",
  "rule": "0DTE ATM call at every flat open; transform when the 0DTE affords one monthly ATM (all proceeds); exit on first daily close below the previous candle's low",
  "min_R_filter_pct_of_price": 0.3,
  "trades": 8148,
  "skipped_signals": 0,
  "win_rate_pct_all_trades": 36.9,
  "significant_trades": 7638,
  "non_significant_trades": 510,
  "significance_threshold_R": 0.2,
  "win_rate_pct_significant": 36.12,
  "profit_factor": 1.228,
  "profit_factor_significant": 1.23,
  "avg_r": 0.1257,
  "sum_r": 1024.15,
  "median_hold_days": 0,
  "max_hold_days": 31,
  "still_open": 0,
  "final_fixed_pct": 1024.15,
  "final_compounded_pct": 922369.04,
  "maxdd_fixed_pct_of_T0": -55.26,
  "maxdd_compounded_pct_points_SABM": -182173.81,
  "maxdd_compounded_pct_relative": -44.87,
  "buy_hold_pct": 1642.75,
  "target": "transform",
  "mode": "0dte-weekly-transform-sabm",
  "pricing": "BSM sigma=RV(20)*1.2 (floor 0.1), r=0.04, haircut 3%/side",
  "transform_trigger": "afford",
  "avg_afford_trigger_move_pct": 2.721,
  "min_afford_trigger_move_pct": 1.395,
  "max_afford_trigger_move_pct": 6.261,
  "transform_exit": "prevlow",
  "transform_dte": 21,
  "transforms": 48,
  "transform_rate_pct": 0.59,
  "transform_day_exit_convention": "exit arms next day (pre-trigger low/close unusable)",
  "avg_proof_premium_pct_of_S": 0.295,
  "skipped_no_rv_history": 19,
  "best_trade_multiple": 21.6353,
  "description": "0DTE proof -> monthly transform -> prev-low close exit (the H3 pipeline): every flat day buy a 0DTE ATM call at the open (premium = the whole risk); at the FIRST intraday price where the 0DTE's model value pays for one monthly ATM call (real-time affordability, --transform-trigger afford: the required move floats with vol/tenor), all proceeds roll into a monthly ATM call at the trigger price, sold on the first daily CLOSE below the previous candle's low (--transform-exit prevlow) with ATM re-strikes at each monthly expiry; the exit sells at model value. r is in proof-premium multiples (-1 = the premium, the whole risk).",
  "note": "BSM-priced both legs; transform fill pessimistically AT the trigger; the exit arms from the day AFTER the transform (intraday order vs the trigger is unknowable on daily OHLC); daily proof spend = 1% of equity per attempt.",
  "iv_markup_sweep": {
    "x1": {
      "sum_net_R": 2369.38,
      "final_compounded_pct": 425872206725.75
    },
    "x1.15": {
      "sum_net_R": 1357.75,
      "final_compounded_pct": 23243564.99
    },
    "x1.2": {
      "sum_net_R": 1024.15,
      "final_compounded_pct": 922369.04
    },
    "x1.25": {
      "sum_net_R": 683.72,
      "final_compounded_pct": 33760.84
    },
    "x1.5": {
      "sum_net_R": -650.52,
      "final_compounded_pct": -99.93
    }
  }
}
videos: 100/8148
videos: 200/8148
videos: 300/8148
videos: 400/8148
videos: 500/8148
videos: 600/8148
videos: 700/8148
videos: 800/8148
videos: 900/8148
videos: 1000/8148
videos: 1100/8148
videos: 1200/8148
videos: 1300/8148
videos: 1400/8148
videos: 1500/8148
videos: 1600/8148
videos: 1700/8148
videos: 1800/8148
videos: 1900/8148
videos: 2000/8148
videos: 2100/8148
videos: 2200/8148
videos: 2300/8148
videos: 2400/8148
videos: 2500/8148
videos: 2600/8148
videos: 2700/8148
Terminated
=== batchD ALL DONE 16:26:01
