=== batchB start 14:52:04
{
  "symbol": "SPY",
  "bars": 8448,
  "from": "1993-01-29",
  "to": "2026-08-21",
  "rule": "0DTE ATM call at every flat open; transform at +2% into monthly ATM (all proceeds); audited part-II trail exit with R = 0.25% of transform price",
  "min_R_filter_pct_of_price": 0.3,
  "trades": 7817,
  "skipped_signals": 0,
  "win_rate_pct_all_trades": 37.15,
  "significant_trades": 7327,
  "non_significant_trades": 490,
  "significance_threshold_R": 0.2,
  "win_rate_pct_significant": 36.39,
  "profit_factor": 1.206,
  "profit_factor_significant": 1.208,
  "avg_r": 0.113,
  "sum_r": 883.7,
  "median_hold_days": 0,
  "max_hold_days": 21,
  "still_open": 0,
  "final_fixed_pct": 883.7,
  "final_compounded_pct": 253570.84,
  "maxdd_fixed_pct_of_T0": -51.97,
  "maxdd_compounded_pct_points_SABM": -48824.49,
  "maxdd_compounded_pct_relative": -42.84,
  "buy_hold_pct": 1642.75,
  "target": "transform",
  "mode": "0dte-weekly-transform-sabm",
  "pricing": "BSM sigma=RV(20)*1.2 (floor 0.1), r=0.04, haircut 3%/side",
  "transform_trigger_pct": 2.0,
  "transform_exit": "trail",
  "transform_dte": 21,
  "trail_R_pct": 0.25,
  "transforms": 230,
  "transform_rate_pct": 2.94,
  "transform_day_exit_convention": "exit arms next day (pre-trigger low/close unusable)",
  "avg_proof_premium_pct_of_S": 0.277,
  "skipped_no_rv_history": 19,
  "best_trade_multiple": 20.5813,
  "description": "0DTE proof -> monthly transform -> SABM trail (the H3 pipeline): every flat day buy a 0DTE ATM call at the open (premium = the whole risk); if the underlying rises 2% intraday (editable --transform-trigger-pct), all proceeds roll into a monthly ATM call at the trigger price, ridden under the audited SABM Part-II trail (R = 0.25% of the transform price, editable) with ATM re-strikes at each monthly expiry; the exit sells at model value. r is in proof-premium multiples (-1 = the premium, the whole risk).",
  "note": "BSM-priced both legs; transform fill pessimistically AT the trigger; the exit arms from the day AFTER the transform (intraday order vs the trigger is unknowable on daily OHLC); daily proof spend = 1% of equity per attempt.",
  "iv_markup_sweep": {
    "x1": {
      "sum_net_R": 2220.31,
      "final_compounded_pct": 109994041028.79
    },
    "x1.15": {
      "sum_net_R": 1195.68,
      "final_compounded_pct": 5296865.64
    },
    "x1.2": {
      "sum_net_R": 883.7,
      "final_compounded_pct": 253570.84
    },
    "x1.25": {
      "sum_net_R": 586.4,
      "final_compounded_pct": 13853.69
    },
    "x1.5": {
      "sum_net_R": -679.92,
      "final_compounded_pct": -99.94
    }
  }
}
videos: 100/7817
videos: 200/7817
videos: 300/7817
videos: 400/7817
videos: 500/7817
videos: 600/7817
videos: 700/7817
videos: 800/7817
videos: 900/7817
videos: 1000/7817
videos: 1100/7817
videos: 1200/7817
videos: 1300/7817
videos: 1400/7817
videos: 1500/7817
videos: 1600/7817
videos: 1700/7817
videos: 1800/7817
videos: 1900/7817
videos: 2000/7817
videos: 2100/7817
videos: 2200/7817
videos: 2300/7817
videos: 2400/7817
videos: 2500/7817
videos: 2600/7817
videos: 2700/7817
videos: 2800/7817
videos: 2900/7817
videos: 3000/7817
videos: 3100/7817
videos: 3200/7817
videos: 3300/7817
videos: 3400/7817
videos: 3500/7817
videos: 3600/7817
videos: 3700/7817
videos: 3800/7817
videos: 3900/7817
videos: 4000/7817
videos: 4100/7817
videos: 4200/7817
videos: 4300/7817
videos: 4400/7817
videos: 4500/7817
videos: 4600/7817
videos: 4700/7817
videos: 4800/7817
videos: 4900/7817
videos: 5000/7817
videos: 5100/7817
videos: 5200/7817
videos: 5300/7817
videos: 5400/7817
videos: 5500/7817
videos: 5600/7817
videos: 5700/7817
videos: 5800/7817
videos: 5900/7817
videos: 6000/7817
videos: 6100/7817
videos: 6200/7817
videos: 6300/7817
videos: 6400/7817
videos: 6500/7817
videos: 6600/7817
videos: 6700/7817
videos: 6800/7817
videos: 6900/7817
videos: 7000/7817
videos: 7100/7817
videos: 7200/7817
videos: 7300/7817
videos: 7400/7817
videos: 7500/7817
videos: 7600/7817
videos: 7700/7817
videos: 7800/7817
videos done: 7817
=== batchB 21d done 15:23:29
{
  "symbol": "SPY",
  "bars": 8448,
  "from": "1993-01-29",
  "to": "2026-08-21",
  "rule": "0DTE ATM call at every flat open; transform at +2% into monthly ATM (all proceeds); exit on first daily close below the previous candle's low",
  "min_R_filter_pct_of_price": 0.3,
  "trades": 7467,
  "skipped_signals": 0,
  "win_rate_pct_all_trades": 37.27,
  "significant_trades": 7006,
  "non_significant_trades": 461,
  "significance_threshold_R": 0.2,
  "win_rate_pct_significant": 36.57,
  "profit_factor": 1.225,
  "profit_factor_significant": 1.227,
  "avg_r": 0.1232,
  "sum_r": 919.79,
  "median_hold_days": 0,
  "max_hold_days": 32,
  "still_open": 0,
  "final_fixed_pct": 919.79,
  "final_compounded_pct": 366629.88,
  "maxdd_fixed_pct_of_T0": -51.97,
  "maxdd_compounded_pct_points_SABM": -64760.06,
  "maxdd_compounded_pct_relative": -43.17,
  "buy_hold_pct": 1642.75,
  "target": "transform",
  "mode": "0dte-weekly-transform-sabm",
  "pricing": "BSM sigma=RV(20)*1.2 (floor 0.1), r=0.04, haircut 3%/side",
  "transform_trigger_pct": 2.0,
  "transform_exit": "prevlow",
  "transform_dte": 21,
  "transforms": 205,
  "transform_rate_pct": 2.75,
  "transform_day_exit_convention": "exit arms next day (pre-trigger low/close unusable)",
  "avg_proof_premium_pct_of_S": 0.268,
  "skipped_no_rv_history": 19,
  "best_trade_multiple": 20.6308,
  "description": "0DTE proof -> monthly transform -> prev-low close exit (the H3 pipeline): every flat day buy a 0DTE ATM call at the open (premium = the whole risk); if the underlying rises 2% intraday (editable --transform-trigger-pct), all proceeds roll into a monthly ATM call at the trigger price, sold on the first daily CLOSE below the previous candle's low (--transform-exit prevlow) with ATM re-strikes at each monthly expiry; the exit sells at model value. r is in proof-premium multiples (-1 = the premium, the whole risk).",
  "note": "BSM-priced both legs; transform fill pessimistically AT the trigger; the exit arms from the day AFTER the transform (intraday order vs the trigger is unknowable on daily OHLC); daily proof spend = 1% of equity per attempt.",
  "iv_markup_sweep": {
    "x1": {
      "sum_net_R": 2210.03,
      "final_compounded_pct": 97525491460.05
    },
    "x1.15": {
      "sum_net_R": 1220.89,
      "final_compounded_pct": 6843491.85
    },
    "x1.2": {
      "sum_net_R": 919.79,
      "final_compounded_pct": 366629.88
    },
    "x1.25": {
      "sum_net_R": 632.76,
      "final_compounded_pct": 22312.09
    },
    "x1.5": {
      "sum_net_R": -590.31,
      "final_compounded_pct": -99.86
    }
  }
}
videos: 100/7467
videos: 200/7467
videos: 300/7467
videos: 400/7467
videos: 500/7467
videos: 600/7467
videos: 700/7467
videos: 800/7467
videos: 900/7467
videos: 1000/7467
videos: 1100/7467
videos: 1200/7467
videos: 1300/7467
videos: 1400/7467
videos: 1500/7467
videos: 1600/7467
videos: 1700/7467
videos: 1800/7467
videos: 1900/7467
videos: 2000/7467
videos: 2100/7467
videos: 2200/7467
videos: 2300/7467
videos: 2400/7467
videos: 2500/7467
videos: 2600/7467
videos: 2700/7467
videos: 2800/7467
videos: 2900/7467
videos: 3000/7467
videos: 3100/7467
videos: 3200/7467
videos: 3300/7467
videos: 3400/7467
videos: 3500/7467
videos: 3600/7467
videos: 3700/7467
videos: 3800/7467
videos: 3900/7467
videos: 4000/7467
videos: 4100/7467
videos: 4200/7467
videos: 4300/7467
videos: 4400/7467
videos: 4500/7467
videos: 4600/7467
videos: 4700/7467
videos: 4800/7467
videos: 4900/7467
videos: 5000/7467
videos: 5100/7467
videos: 5200/7467
videos: 5300/7467
videos: 5400/7467
videos: 5500/7467
videos: 5600/7467
videos: 5700/7467
videos: 5800/7467
videos: 5900/7467
videos: 6000/7467
videos: 6100/7467
videos: 6200/7467
videos: 6300/7467
videos: 6400/7467
videos: 6500/7467
videos: 6600/7467
videos: 6700/7467
videos: 6800/7467
videos: 6900/7467
videos: 7000/7467
videos: 7100/7467
videos: 7200/7467
videos: 7300/7467
videos: 7400/7467
videos done: 7467
=== batchB ALL DONE 15:54:17
