{
  "symbol": "SPY",
  "bars": 8448,
  "from": "1993-01-29",
  "to": "2026-08-21",
  "rule": "long at close when close > previous day's high; initial stop = body bottom; EXIT = part-II cocktail proxy (Dow/deep trail, >=2R unvalidated pivots, >=3R prev-day-low hug); no target",
  "min_R_filter_pct_of_price": 0.3,
  "trades": 863,
  "skipped_signals": 290,
  "win_rate_pct_all_trades": 30.13,
  "significant_trades": 835,
  "non_significant_trades": 28,
  "significance_threshold_R": 0.2,
  "win_rate_pct_significant": 29.46,
  "profit_factor": 1.034,
  "profit_factor_significant": 1.033,
  "avg_r": 0.0246,
  "sum_r": 21.2,
  "median_hold_days": 3,
  "max_hold_days": 58,
  "still_open": 0,
  "final_fixed_pct": 14.27,
  "final_compounded_pct": 5.35,
  "maxdd_fixed_pct_of_T0": -46.04,
  "maxdd_compounded_pct_points_SABM": -40.77,
  "maxdd_compounded_pct_relative": -38.3,
  "buy_hold_pct": 1642.75,
  "target": "disc",
  "mode": "disc-linear",
  "final_fixed_pct_sabm_literal": 21.2,
  "leverage_capped_curve": true,
  "trades_hitting_notional_cap": 545,
  "reached_2R_pct": 31.3,
  "reached_3R_pct": 20.9,
  "best_trade_R": 16.0571,
  "avg_win_R": 2.51,
  "note": "SABM part-II DISCRETIONARY PROXY: Dow pivot-low trailing + deep wicks + R-zone mode switches (>=2R fresh pivots, >=3R hug prev low); trendlines proxied by pivots, not drawn literally; stop moves effective next day; no profit target. Gross."
}
videos: 100/863
videos: 200/863
videos: 300/863
videos: 400/863
videos: 500/863
videos: 600/863
videos: 700/863
videos: 800/863
videos done: 863
overlay graph -> /app/data/results/SPY_disc_optbs/graph_vs_linear.png
{
  "symbol": "SPY",
  "bars": 8448,
  "from": "1993-01-29",
  "to": "2026-08-21",
  "rule": "part-II cocktail-proxy trail exits; ATM CALL chain priced by BSM (RV(20)*1.2), re-struck ATM every 5d while the trade lives",
  "min_R_filter_pct_of_price": 0.3,
  "trades": 860,
  "skipped_signals": 290,
  "win_rate_pct_all_trades": 17.79,
  "significant_trades": 819,
  "non_significant_trades": 41,
  "significance_threshold_R": 0.2,
  "win_rate_pct_significant": 16.36,
  "profit_factor": 0.38,
  "profit_factor_significant": 0.378,
  "avg_r": -0.4415,
  "sum_r": -379.65,
  "median_hold_days": 3,
  "max_hold_days": 58,
  "still_open": 0,
  "final_fixed_pct": -315.92,
  "final_compounded_pct": -95.83,
  "maxdd_fixed_pct_of_T0": -316.53,
  "maxdd_compounded_pct_points_SABM": -95.85,
  "maxdd_compounded_pct_relative": -95.85,
  "buy_hold_pct": 1642.75,
  "target": "disc",
  "mode": "disc-option-bsm",
  "pricing": "BSM sigma=RV(20)*1.2, r=0.04, haircut 3%/side, ATM re-strike each roll",
  "avg_premium_R": 1.947,
  "avg_weeks_rolled": 1.57,
  "skipped_no_rv_history": 3,
  "reached_2R_pct": 31.2,
  "reached_3R_pct": 20.7,
  "best_trade_R": 6.6336,
  "description": "MODEL-priced option chain riding the Part-II discretionary trail: ATM call priced by Black-Scholes from the quote history, re-struck ATM at every weekly expiry while the trade lives (intrinsic collected each roll), model value at the trail exit; premiums = the whole risk.",
  "note": "MODEL-priced option chain on the part-II trail: BSM premiums from our quote history (RV*markup), intrinsic at each weekly roll (ATM re-strike), model value at trail exit. 1% equity premium budget per trade-chain.",
  "iv_markup_sweep": {
    "x1": {
      "sum_net_R": -222.15,
      "final_compounded_pct": -94.28
    },
    "x1.15": {
      "sum_net_R": -340.63,
      "final_compounded_pct": -95.54
    },
    "x1.2": {
      "sum_net_R": -379.65,
      "final_compounded_pct": -95.83
    },
    "x1.25": {
      "sum_net_R": -418.47,
      "final_compounded_pct": -96.07
    },
    "x1.5": {
      "sum_net_R": -610.08,
      "final_compounded_pct": -96.87
    }
  }
}
Traceback (most recent call last):
  File "/app/scripts/sabm_r1_spy.py", line 1343, in <module>
    main()
  File "/app/scripts/sabm_r1_spy.py", line 1334, in main
    render_video(bars, t, os.path.join(VID, name))
  File "/app/scripts/sabm_r1_spy.py", line 1124, in render_video
    head_live = (f"{SYM} 1d  #{t['n']:04d}  CALL d{t['delta']:g} SABM-II trail {t['entry_date']} @ {t['entry_price']}  "
                                                   ~^^^^^^^^^
KeyError: 'delta'
