=== batchC start 15:50:34
{
  "symbol": "SPY",
  "bars": 8448,
  "from": "1993-01-29",
  "to": "2026-08-21",
  "rule": "0DTE ATM call at every flat open; transform when the 0DTE affords one weekly ATM (all proceeds); audited part-II trail exit with R = 0.25% of transform price",
  "min_R_filter_pct_of_price": 0.3,
  "trades": 6177,
  "skipped_signals": 0,
  "win_rate_pct_all_trades": 36.94,
  "significant_trades": 5772,
  "non_significant_trades": 405,
  "significance_threshold_R": 0.2,
  "win_rate_pct_significant": 36.11,
  "profit_factor": 0.919,
  "profit_factor_significant": 0.919,
  "avg_r": -0.0443,
  "sum_r": -273.95,
  "median_hold_days": 0,
  "max_hold_days": 18,
  "still_open": 0,
  "final_fixed_pct": -273.95,
  "final_compounded_pct": -96.42,
  "maxdd_fixed_pct_of_T0": -294.98,
  "maxdd_compounded_pct_points_SABM": -105.03,
  "maxdd_compounded_pct_relative": -96.72,
  "buy_hold_pct": 1642.75,
  "target": "transform",
  "mode": "0dte-weekly-transform-sabm",
  "pricing": "BSM sigma=RV(20)*1.2 (floor 0.1), r=0.04, haircut 3%/side",
  "transform_trigger": "afford",
  "avg_afford_trigger_move_pct": 1.177,
  "min_afford_trigger_move_pct": 0.629,
  "max_afford_trigger_move_pct": 7.044,
  "transform_exit": "trail",
  "transform_dte": 5,
  "trail_R_pct": 0.25,
  "transforms": 827,
  "transform_rate_pct": 13.39,
  "transform_day_exit_convention": "exit arms next day (pre-trigger low/close unusable)",
  "avg_proof_premium_pct_of_S": 0.305,
  "skipped_no_rv_history": 19,
  "best_trade_multiple": 28.6237,
  "description": "0DTE proof -> weekly transform -> SABM trail (the H3 pipeline): every flat day buy a 0DTE ATM call at the open (premium = the whole risk); at the FIRST intraday price where the 0DTE's model value pays for one weekly ATM call (real-time affordability, --transform-trigger afford: the required move floats with vol/tenor), all proceeds roll into a weekly ATM call at the trigger price, ridden under the audited SABM Part-II trail (R = 0.25% of the transform price, editable) with ATM re-strikes at each weekly expiry; the exit sells at model value. r is in proof-premium multiples (-1 = the premium, the whole risk).",
  "note": "BSM-priced both legs; transform fill pessimistically AT the trigger; the exit arms from the day AFTER the transform (intraday order vs the trigger is unknowable on daily OHLC); daily proof spend = 1% of equity per attempt.",
  "iv_markup_sweep": {
    "x1": {
      "sum_net_R": 516.1,
      "final_compounded_pct": 6718.47
    },
    "x1.15": {
      "sum_net_R": -56.65,
      "final_compounded_pct": -70.04
    },
    "x1.2": {
      "sum_net_R": -273.95,
      "final_compounded_pct": -96.42
    },
    "x1.25": {
      "sum_net_R": -425.96,
      "final_compounded_pct": -99.19
    },
    "x1.5": {
      "sum_net_R": -1229.77,
      "final_compounded_pct": -100.0
    }
  }
}
videos: 100/6177
videos: 200/6177
videos: 300/6177
videos: 400/6177
videos: 500/6177
videos: 600/6177
videos: 700/6177
videos: 800/6177
videos: 900/6177
videos: 1000/6177
videos: 1100/6177
videos: 1200/6177
videos: 1300/6177
videos: 1400/6177
videos: 1500/6177
videos: 1600/6177
videos: 1700/6177
videos: 1800/6177
videos: 1900/6177
videos: 2000/6177
videos: 2100/6177
videos: 2200/6177
videos: 2300/6177
videos: 2400/6177
videos: 2500/6177
videos: 2600/6177
videos: 2700/6177
videos: 2800/6177
videos: 2900/6177
videos: 3000/6177
videos: 3100/6177
videos: 3200/6177
videos: 3300/6177
videos: 3400/6177
videos: 3500/6177
videos: 3600/6177
videos: 3700/6177
videos: 3800/6177
videos: 3900/6177
videos: 4000/6177
videos: 4100/6177
videos: 4200/6177
videos: 4300/6177
videos: 4400/6177
videos: 4500/6177
videos: 4600/6177
videos: 4700/6177
videos: 4800/6177
videos: 4900/6177
videos: 5000/6177
videos: 5100/6177
videos: 5200/6177
videos: 5300/6177
videos: 5400/6177
videos: 5500/6177
videos: 5600/6177
videos: 5700/6177
videos: 5800/6177
videos: 5900/6177
videos: 6000/6177
videos: 6100/6177
videos done: 6177
=== batchC afford-weekly done 16:18:11
{
  "symbol": "SPY",
  "bars": 8448,
  "from": "1993-01-29",
  "to": "2026-08-21",
  "rule": "0DTE ATM call at every flat open; transform when the 0DTE affords one monthly ATM (all proceeds); audited part-II trail exit with R = 0.25% of transform price",
  "min_R_filter_pct_of_price": 0.3,
  "trades": 8298,
  "skipped_signals": 0,
  "win_rate_pct_all_trades": 36.86,
  "significant_trades": 7781,
  "non_significant_trades": 517,
  "significance_threshold_R": 0.2,
  "win_rate_pct_significant": 36.08,
  "profit_factor": 1.22,
  "profit_factor_significant": 1.222,
  "avg_r": 0.1212,
  "sum_r": 1005.73,
  "median_hold_days": 0,
  "max_hold_days": 15,
  "still_open": 0,
  "final_fixed_pct": 1005.73,
  "final_compounded_pct": 785386.27,
  "maxdd_fixed_pct_of_T0": -55.93,
  "maxdd_compounded_pct_points_SABM": -146597.17,
  "maxdd_compounded_pct_relative": -45.25,
  "buy_hold_pct": 1642.75,
  "target": "transform",
  "mode": "0dte-weekly-transform-sabm",
  "pricing": "BSM sigma=RV(20)*1.2 (floor 0.1), r=0.04, haircut 3%/side",
  "transform_trigger": "afford",
  "avg_afford_trigger_move_pct": 2.818,
  "min_afford_trigger_move_pct": 1.395,
  "max_afford_trigger_move_pct": 7.823,
  "transform_exit": "trail",
  "transform_dte": 21,
  "trail_R_pct": 0.25,
  "transforms": 50,
  "transform_rate_pct": 0.6,
  "transform_day_exit_convention": "exit arms next day (pre-trigger low/close unusable)",
  "avg_proof_premium_pct_of_S": 0.296,
  "skipped_no_rv_history": 19,
  "best_trade_multiple": 19.0968,
  "description": "0DTE proof -> monthly transform -> SABM trail (the H3 pipeline): every flat day buy a 0DTE ATM call at the open (premium = the whole risk); at the FIRST intraday price where the 0DTE's model value pays for one monthly ATM call (real-time affordability, --transform-trigger afford: the required move floats with vol/tenor), all proceeds roll into a monthly ATM call at the trigger price, ridden under the audited SABM Part-II trail (R = 0.25% of the transform price, editable) with ATM re-strikes at each monthly expiry; the exit sells at model value. r is in proof-premium multiples (-1 = the premium, the whole risk).",
  "note": "BSM-priced both legs; transform fill pessimistically AT the trigger; the exit arms from the day AFTER the transform (intraday order vs the trigger is unknowable on daily OHLC); daily proof spend = 1% of equity per attempt.",
  "iv_markup_sweep": {
    "x1": {
      "sum_net_R": 2406.1,
      "final_compounded_pct": 614091280881.13
    },
    "x1.15": {
      "sum_net_R": 1346.24,
      "final_compounded_pct": 21417896.02
    },
    "x1.2": {
      "sum_net_R": 1005.73,
      "final_compounded_pct": 785386.27
    },
    "x1.25": {
      "sum_net_R": 694.15,
      "final_compounded_pct": 37310.31
    },
    "x1.5": {
      "sum_net_R": -668.39,
      "final_compounded_pct": -99.94
    }
  }
}
videos: 100/8298
videos: 200/8298
videos: 300/8298
videos: 400/8298
videos: 500/8298
videos: 600/8298
videos: 700/8298
videos: 800/8298
videos: 900/8298
videos: 1000/8298
videos: 1100/8298
videos: 1200/8298
videos: 1300/8298
videos: 1400/8298
videos: 1500/8298
videos: 1600/8298
videos: 1700/8298
videos: 1800/8298
videos: 1900/8298
videos: 2000/8298
videos: 2100/8298
videos: 2200/8298
videos: 2300/8298
videos: 2400/8298
videos: 2500/8298
videos: 2600/8298
videos: 2700/8298
Terminated
=== batchC ALL DONE 16:26:01
